Reusing configuration cache.
> Task :feature:parental:preBuild UP-TO-DATE
> Task :feature:pet:preBuild UP-TO-DATE
> Task :feature:vault:preBuild UP-TO-DATE
> Task :core:common:preBuild UP-TO-DATE
> Task :core:common:checkKotlinGradlePluginConfigurationErrors SKIPPED
> Task :core:ui:preBuild UP-TO-DATE
> Task :feature:ar:preBuild UP-TO-DATE
> Task :feature:filters:preBuild UP-TO-DATE
> Task :core:domain:preBuild UP-TO-DATE
> Task :feature:capture:preBuild UP-TO-DATE
> Task :core:security:preBuild UP-TO-DATE
> Task :core:data:preBuild UP-TO-DATE
> Task :feature:onboarding:preBuild UP-TO-DATE
> Task :app:preBuild UP-TO-DATE
> Task :feature:ar:preDebugBuild UP-TO-DATE
> Task :app:checkKotlinGradlePluginConfigurationErrors SKIPPED
> Task :core:ui:preDebugBuild UP-TO-DATE
> Task :app:preDebugBuild UP-TO-DATE
> Task :core:common:preDebugBuild UP-TO-DATE
> Task :feature:filters:preDebugBuild UP-TO-DATE
> Task :feature:onboarding:preDebugBuild UP-TO-DATE
> Task :feature:parental:preDebugBuild UP-TO-DATE
> Task :app:mergeDebugNativeDebugMetadata NO-SOURCE
> Task :feature:pet:preDebugBuild UP-TO-DATE
> Task :app:processDebugGoogleServices UP-TO-DATE
> Task :core:data:preDebugBuild UP-TO-DATE
> Task :feature:ar:writeDebugAarMetadata UP-TO-DATE
> Task :core:common:writeDebugAarMetadata UP-TO-DATE
> Task :core:ui:writeDebugAarMetadata UP-TO-DATE
> Task :app:generateDebugResValues UP-TO-DATE
> Task :core:common:generateDebugResValues UP-TO-DATE
> Task :feature:vault:preDebugBuild UP-TO-DATE
> Task :feature:capture:preDebugBuild UP-TO-DATE
> Task :core:security:preDebugBuild UP-TO-DATE
> Task :core:data:generateDebugResValues UP-TO-DATE
> Task :core:data:writeDebugAarMetadata UP-TO-DATE
> Task :core:ui:generateDebugResValues UP-TO-DATE
> Task :feature:ar:generateDebugResValues UP-TO-DATE
> Task :feature:parental:writeDebugAarMetadata UP-TO-DATE
> Task :feature:vault:writeDebugAarMetadata UP-TO-DATE
> Task :feature:capture:writeDebugAarMetadata UP-TO-DATE
> Task :feature:onboarding:generateDebugResValues UP-TO-DATE
> Task :core:common:generateDebugResources UP-TO-DATE
> Task :feature:capture:generateDebugResValues UP-TO-DATE
> Task :feature:pet:writeDebugAarMetadata UP-TO-DATE
> Task :feature:onboarding:writeDebugAarMetadata UP-TO-DATE
> Task :feature:filters:generateDebugResValues UP-TO-DATE
> Task :core:domain:preDebugBuild UP-TO-DATE
> Task :feature:filters:writeDebugAarMetadata UP-TO-DATE
> Task :core:domain:writeDebugAarMetadata UP-TO-DATE
> Task :core:domain:generateDebugResValues UP-TO-DATE
> Task :core:security:generateDebugResValues UP-TO-DATE
> Task :feature:filters:generateDebugResources UP-TO-DATE
> Task :core:security:writeDebugAarMetadata UP-TO-DATE
> Task :feature:parental:generateDebugResValues UP-TO-DATE
> Task :feature:onboarding:generateDebugResources UP-TO-DATE
> Task :core:ui:generateDebugResources UP-TO-DATE
> Task :feature:pet:generateDebugResValues UP-TO-DATE
> Task :feature:capture:generateDebugResources UP-TO-DATE
> Task :app:generateDebugResources UP-TO-DATE
> Task :feature:vault:generateDebugResValues UP-TO-DATE
> Task :core:domain:generateDebugResources UP-TO-DATE
> Task :app:createDebugCompatibleScreenManifests UP-TO-DATE
> Task :feature:ar:generateDebugResources UP-TO-DATE
> Task :app:extractDeepLinksDebug UP-TO-DATE
> Task :core:security:generateDebugResources UP-TO-DATE
> Task :core:data:generateDebugResources UP-TO-DATE
> Task :feature:parental:generateDebugResources UP-TO-DATE
> Task :feature:pet:generateDebugResources UP-TO-DATE
> Task :feature:vault:generateDebugResources UP-TO-DATE
> Task :core:common:extractDeepLinksDebug UP-TO-DATE
> Task :core:data:extractDeepLinksDebug UP-TO-DATE
> Task :core:domain:extractDeepLinksDebug UP-TO-DATE
> Task :core:common:packageDebugResources UP-TO-DATE
> Task :feature:onboarding:packageDebugResources UP-TO-DATE
> Task :feature:capture:packageDebugResources UP-TO-DATE
> Task :core:domain:packageDebugResources UP-TO-DATE
> Task :feature:filters:packageDebugResources UP-TO-DATE
> Task :feature:ar:packageDebugResources UP-TO-DATE
> Task :core:common:processDebugManifest UP-TO-DATE
> Task :core:ui:packageDebugResources UP-TO-DATE
> Task :core:security:extractDeepLinksDebug UP-TO-DATE
> Task :core:ui:extractDeepLinksDebug UP-TO-DATE
> Task :core:data:processDebugManifest UP-TO-DATE
> Task :app:packageDebugResources UP-TO-DATE
> Task :core:security:processDebugManifest UP-TO-DATE
> Task :core:ui:processDebugManifest UP-TO-DATE
> Task :feature:ar:extractDeepLinksDebug UP-TO-DATE
> Task :feature:capture:extractDeepLinksDebug UP-TO-DATE
> Task :feature:filters:extractDeepLinksDebug UP-TO-DATE
> Task :feature:onboarding:extractDeepLinksDebug UP-TO-DATE
> Task :feature:ar:processDebugManifest UP-TO-DATE
> Task :feature:parental:packageDebugResources UP-TO-DATE
> Task :feature:pet:packageDebugResources UP-TO-DATE
> Task :feature:pet:extractDeepLinksDebug UP-TO-DATE
> Task :app:parseDebugLocalResources UP-TO-DATE
> Task :core:domain:processDebugManifest UP-TO-DATE
> Task :feature:vault:extractDeepLinksDebug UP-TO-DATE
> Task :core:security:packageDebugResources UP-TO-DATE
> Task :feature:parental:processDebugManifest UP-TO-DATE
> Task :feature:filters:processDebugManifest UP-TO-DATE
> Task :core:domain:compileDebugLibraryResources UP-TO-DATE
> Task :core:common:compileDebugLibraryResources UP-TO-DATE
> Task :feature:parental:extractDeepLinksDebug UP-TO-DATE
> Task :feature:vault:processDebugManifest UP-TO-DATE
> Task :core:domain:parseDebugLocalResources UP-TO-DATE
> Task :core:data:packageDebugResources UP-TO-DATE
> Task :core:security:compileDebugLibraryResources UP-TO-DATE
> Task :feature:onboarding:processDebugManifest UP-TO-DATE
> Task :core:ui:compileDebugLibraryResources UP-TO-DATE
> Task :feature:ar:compileDebugLibraryResources UP-TO-DATE
> Task :feature:pet:processDebugManifest UP-TO-DATE
> Task :feature:capture:processDebugManifest UP-TO-DATE
> Task :feature:capture:parseDebugLocalResources UP-TO-DATE
> Task :core:data:compileDebugLibraryResources UP-TO-DATE
> Task :feature:vault:packageDebugResources UP-TO-DATE
> Task :core:data:parseDebugLocalResources UP-TO-DATE
> Task :core:security:parseDebugLocalResources UP-TO-DATE
> Task :feature:onboarding:compileDebugLibraryResources UP-TO-DATE
> Task :feature:filters:parseDebugLocalResources UP-TO-DATE
> Task :feature:capture:compileDebugLibraryResources UP-TO-DATE
> Task :core:ui:parseDebugLocalResources UP-TO-DATE
> Task :feature:ar:parseDebugLocalResources UP-TO-DATE
> Task :feature:onboarding:parseDebugLocalResources UP-TO-DATE
> Task :core:common:parseDebugLocalResources UP-TO-DATE
> Task :feature:filters:compileDebugLibraryResources UP-TO-DATE
> Task :feature:capture:generateDebugRFile UP-TO-DATE
> Task :core:domain:generateDebugRFile UP-TO-DATE
> Task :core:data:generateDebugRFile UP-TO-DATE
> Task :feature:ar:generateDebugRFile UP-TO-DATE
> Task :feature:pet:compileDebugLibraryResources UP-TO-DATE
> Task :core:data:checkKotlinGradlePluginConfigurationErrors SKIPPED
> Task :core:domain:checkKotlinGradlePluginConfigurationErrors SKIPPED
> Task :feature:parental:compileDebugLibraryResources UP-TO-DATE
> Task :feature:pet:parseDebugLocalResources UP-TO-DATE
> Task :feature:parental:parseDebugLocalResources UP-TO-DATE
> Task :feature:onboarding:generateDebugRFile UP-TO-DATE
> Task :core:security:checkKotlinGradlePluginConfigurationErrors SKIPPED
> Task :feature:vault:compileDebugLibraryResources UP-TO-DATE
> Task :core:common:javaPreCompileDebug UP-TO-DATE
> Task :feature:vault:parseDebugLocalResources UP-TO-DATE
> Task :core:domain:javaPreCompileDebug UP-TO-DATE
> Task :core:security:javaPreCompileDebug UP-TO-DATE
> Task :feature:ar:checkKotlinGradlePluginConfigurationErrors SKIPPED
> Task :feature:filters:generateDebugRFile UP-TO-DATE
> Task :feature:filters:checkKotlinGradlePluginConfigurationErrors SKIPPED
> Task :core:ui:checkKotlinGradlePluginConfigurationErrors SKIPPED
> Task :core:security:generateDebugRFile UP-TO-DATE
> Task :core:ui:generateDebugRFile UP-TO-DATE
> Task :core:data:javaPreCompileDebug UP-TO-DATE
> Task :feature:capture:checkKotlinGradlePluginConfigurationErrors SKIPPED
> Task :core:common:generateDebugRFile UP-TO-DATE
> Task :feature:pet:generateDebugRFile UP-TO-DATE
> Task :feature:onboarding:checkKotlinGradlePluginConfigurationErrors SKIPPED
> Task :feature:parental:checkKotlinGradlePluginConfigurationErrors SKIPPED
> Task :feature:pet:checkKotlinGradlePluginConfigurationErrors SKIPPED
> Task :core:ui:javaPreCompileDebug UP-TO-DATE
> Task :feature:vault:checkKotlinGradlePluginConfigurationErrors SKIPPED
> Task :feature:filters:javaPreCompileDebug UP-TO-DATE
> Task :feature:capture:javaPreCompileDebug UP-TO-DATE
> Task :feature:parental:javaPreCompileDebug UP-TO-DATE
> Task :feature:ar:javaPreCompileDebug UP-TO-DATE
> Task :feature:pet:javaPreCompileDebug UP-TO-DATE
> Task :feature:onboarding:javaPreCompileDebug UP-TO-DATE
> Task :app:checkDebugAarMetadata UP-TO-DATE
> Task :app:javaPreCompileDebug UP-TO-DATE
> Task :feature:vault:javaPreCompileDebug UP-TO-DATE
> Task :feature:parental:generateDebugRFile UP-TO-DATE
> Task :app:mergeDebugShaders UP-TO-DATE
> Task :core:common:mergeDebugShaders UP-TO-DATE
> Task :core:data:mergeDebugShaders UP-TO-DATE
> Task :core:domain:mergeDebugShaders UP-TO-DATE
> Task :core:ui:mergeDebugShaders UP-TO-DATE
> Task :feature:ar:mergeDebugShaders UP-TO-DATE
> Task :core:security:mergeDebugShaders UP-TO-DATE
> Task :app:compileDebugShaders NO-SOURCE
> Task :feature:capture:mergeDebugShaders UP-TO-DATE
> Task :app:generateDebugAssets UP-TO-DATE
> Task :core:domain:compileDebugShaders NO-SOURCE
> Task :core:data:compileDebugShaders NO-SOURCE
> Task :core:common:compileDebugShaders NO-SOURCE
> Task :core:ui:compileDebugShaders NO-SOURCE
> Task :core:common:generateDebugAssets UP-TO-DATE
> Task :core:ui:generateDebugAssets UP-TO-DATE
> Task :feature:filters:mergeDebugShaders UP-TO-DATE
> Task :feature:ar:compileDebugShaders NO-SOURCE
> Task :feature:capture:compileDebugShaders NO-SOURCE
> Task :feature:onboarding:mergeDebugShaders UP-TO-DATE
> Task :feature:capture:generateDebugAssets UP-TO-DATE
> Task :feature:parental:mergeDebugShaders UP-TO-DATE
> Task :feature:vault:generateDebugRFile UP-TO-DATE
> Task :feature:pet:mergeDebugShaders UP-TO-DATE
> Task :app:mapDebugSourceSetPaths UP-TO-DATE
> Task :feature:capture:packageDebugAssets UP-TO-DATE
> Task :core:security:compileDebugShaders NO-SOURCE
> Task :core:security:generateDebugAssets UP-TO-DATE
> Task :core:ui:packageDebugAssets UP-TO-DATE
> Task :feature:ar:generateDebugAssets UP-TO-DATE
> Task :app:mergeDebugResources UP-TO-DATE
> Task :feature:vault:mergeDebugShaders UP-TO-DATE
> Task :core:security:packageDebugAssets UP-TO-DATE
> Task :feature:onboarding:compileDebugShaders NO-SOURCE
> Task :feature:pet:compileDebugShaders NO-SOURCE
> Task :feature:parental:compileDebugShaders NO-SOURCE
> Task :feature:onboarding:generateDebugAssets UP-TO-DATE
> Task :feature:parental:generateDebugAssets UP-TO-DATE
> Task :feature:ar:packageDebugAssets UP-TO-DATE
> Task :feature:pet:generateDebugAssets UP-TO-DATE
> Task :feature:vault:compileDebugShaders NO-SOURCE
> Task :core:common:packageDebugAssets UP-TO-DATE
> Task :feature:vault:generateDebugAssets UP-TO-DATE
> Task :core:data:generateDebugAssets UP-TO-DATE
> Task :feature:filters:compileDebugShaders NO-SOURCE
> Task :feature:filters:generateDebugAssets UP-TO-DATE
> Task :feature:parental:packageDebugAssets UP-TO-DATE
> Task :app:desugarDebugFileDependencies UP-TO-DATE
> Task :feature:onboarding:packageDebugAssets UP-TO-DATE
> Task :core:domain:generateDebugAssets UP-TO-DATE
> Task :feature:vault:packageDebugAssets UP-TO-DATE
> Task :core:data:packageDebugAssets UP-TO-DATE
> Task :feature:pet:packageDebugAssets UP-TO-DATE
> Task :app:mergeDebugJniLibFolders UP-TO-DATE
> Task :app:l8DexDesugarLibDebug UP-TO-DATE
> Task :core:domain:mergeDebugJniLibFolders UP-TO-DATE
> Task :core:data:mergeDebugJniLibFolders UP-TO-DATE
> Task :core:domain:packageDebugAssets UP-TO-DATE
> Task :core:ui:mergeDebugJniLibFolders UP-TO-DATE
> Task :feature:ar:mergeDebugJniLibFolders UP-TO-DATE
> Task :core:security:mergeDebugJniLibFolders UP-TO-DATE
> Task :feature:filters:mergeDebugJniLibFolders UP-TO-DATE
> Task :feature:capture:mergeDebugJniLibFolders UP-TO-DATE
> Task :feature:filters:packageDebugAssets UP-TO-DATE
> Task :core:domain:mergeDebugNativeLibs NO-SOURCE
> Task :feature:onboarding:mergeDebugJniLibFolders UP-TO-DATE
> Task :core:data:mergeDebugNativeLibs NO-SOURCE
> Task :feature:parental:mergeDebugJniLibFolders UP-TO-DATE
> Task :core:ui:mergeDebugNativeLibs NO-SOURCE
> Task :feature:ar:mergeDebugNativeLibs NO-SOURCE
> Task :core:common:mergeDebugJniLibFolders UP-TO-DATE
> Task :feature:pet:mergeDebugJniLibFolders UP-TO-DATE
> Task :core:security:mergeDebugNativeLibs NO-SOURCE
> Task :feature:vault:mergeDebugJniLibFolders UP-TO-DATE
> Task :feature:filters:mergeDebugNativeLibs NO-SOURCE
> Task :feature:capture:mergeDebugNativeLibs NO-SOURCE
> Task :core:domain:copyDebugJniLibsProjectOnly UP-TO-DATE
> Task :feature:onboarding:mergeDebugNativeLibs NO-SOURCE
> Task :core:data:copyDebugJniLibsProjectOnly UP-TO-DATE
> Task :core:common:mergeDebugNativeLibs NO-SOURCE
> Task :core:ui:copyDebugJniLibsProjectOnly UP-TO-DATE
> Task :feature:ar:copyDebugJniLibsProjectOnly UP-TO-DATE
> Task :core:security:copyDebugJniLibsProjectOnly UP-TO-DATE
> Task :feature:parental:mergeDebugNativeLibs NO-SOURCE
> Task :feature:vault:mergeDebugNativeLibs NO-SOURCE
> Task :app:preReleaseBuild UP-TO-DATE
> Task :feature:pet:mergeDebugNativeLibs NO-SOURCE
> Task :feature:filters:copyDebugJniLibsProjectOnly UP-TO-DATE
> Task :feature:capture:copyDebugJniLibsProjectOnly UP-TO-DATE
> Task :app:validateSigningDebug UP-TO-DATE
> Task :core:data:preReleaseBuild UP-TO-DATE
> Task :app:writeDebugAppMetadata UP-TO-DATE
> Task :core:common:copyDebugJniLibsProjectOnly UP-TO-DATE
> Task :feature:onboarding:copyDebugJniLibsProjectOnly UP-TO-DATE
> Task :app:processDebugMainManifest UP-TO-DATE
> Task :core:common:preReleaseBuild UP-TO-DATE
> Task :app:buildKotlinToolingMetadata UP-TO-DATE
> Task :core:domain:preReleaseBuild UP-TO-DATE
> Task :app:writeDebugSigningConfigVersions UP-TO-DATE
> Task :feature:vault:copyDebugJniLibsProjectOnly UP-TO-DATE
> Task :feature:parental:copyDebugJniLibsProjectOnly UP-TO-DATE
> Task :core:security:preReleaseBuild UP-TO-DATE
> Task :core:ui:preReleaseBuild UP-TO-DATE
> Task :feature:ar:preReleaseBuild UP-TO-DATE
> Task :feature:pet:copyDebugJniLibsProjectOnly UP-TO-DATE
> Task :core:data:writeReleaseAarMetadata UP-TO-DATE
> Task :feature:capture:preReleaseBuild UP-TO-DATE
> Task :app:processDebugManifest UP-TO-DATE
> Task :feature:filters:preReleaseBuild UP-TO-DATE
> Task :core:domain:writeReleaseAarMetadata UP-TO-DATE
> Task :feature:ar:writeReleaseAarMetadata UP-TO-DATE
> Task :core:ui:writeReleaseAarMetadata UP-TO-DATE
> Task :feature:onboarding:preReleaseBuild UP-TO-DATE
> Task :feature:parental:preReleaseBuild UP-TO-DATE
> Task :feature:pet:preReleaseBuild UP-TO-DATE
> Task :feature:vault:preReleaseBuild UP-TO-DATE
> Task :feature:capture:writeReleaseAarMetadata UP-TO-DATE
> Task :feature:vault:writeReleaseAarMetadata UP-TO-DATE
> Task :app:generateReleaseResValues UP-TO-DATE
> Task :core:common:writeReleaseAarMetadata UP-TO-DATE
> Task :core:security:writeReleaseAarMetadata UP-TO-DATE
> Task :app:processDebugManifestForPackage UP-TO-DATE
> Task :feature:pet:writeReleaseAarMetadata UP-TO-DATE
> Task :core:common:generateReleaseResValues UP-TO-DATE
> Task :core:domain:generateReleaseResValues UP-TO-DATE
> Task :core:common:generateReleaseResources UP-TO-DATE
> Task :core:domain:generateReleaseResources UP-TO-DATE
> Task :feature:parental:writeReleaseAarMetadata UP-TO-DATE
> Task :core:security:generateReleaseResValues UP-TO-DATE
> Task :core:data:generateReleaseResValues UP-TO-DATE
> Task :feature:onboarding:writeReleaseAarMetadata UP-TO-DATE
> Task :feature:filters:writeReleaseAarMetadata UP-TO-DATE
> Task :app:mergeDebugAssets UP-TO-DATE
> Task :core:ui:generateReleaseResValues UP-TO-DATE
> Task :feature:capture:generateReleaseResValues UP-TO-DATE
> Task :feature:filters:generateReleaseResValues UP-TO-DATE
> Task :core:security:generateReleaseResources UP-TO-DATE
> Task :core:data:generateReleaseResources UP-TO-DATE
> Task :app:compressDebugAssets UP-TO-DATE
> Task :feature:onboarding:generateReleaseResValues UP-TO-DATE
> Task :feature:ar:generateReleaseResValues UP-TO-DATE
> Task :core:ui:generateReleaseResources UP-TO-DATE
> Task :app:processReleaseGoogleServices UP-TO-DATE
> Task :feature:capture:generateReleaseResources UP-TO-DATE
> Task :app:checkDebugDuplicateClasses UP-TO-DATE
> Task :feature:filters:generateReleaseResources UP-TO-DATE
> Task :feature:parental:generateReleaseResValues UP-TO-DATE
> Task :feature:ar:generateReleaseResources UP-TO-DATE
> Task :feature:onboarding:generateReleaseResources UP-TO-DATE
> Task :feature:pet:generateReleaseResValues UP-TO-DATE
> Task :app:checkReleaseAarMetadata UP-TO-DATE
> Task :feature:vault:generateReleaseResValues UP-TO-DATE
> Task :feature:parental:generateReleaseResources UP-TO-DATE
> Task :core:common:packageReleaseResources UP-TO-DATE
> Task :core:domain:packageReleaseResources UP-TO-DATE
> Task :app:generateReleaseResources UP-TO-DATE
> Task :feature:pet:generateReleaseResources UP-TO-DATE
> Task :app:createReleaseCompatibleScreenManifests UP-TO-DATE
> Task :feature:vault:generateReleaseResources UP-TO-DATE
> Task :core:security:packageReleaseResources UP-TO-DATE
> Task :feature:capture:packageReleaseResources UP-TO-DATE
> Task :core:ui:packageReleaseResources UP-TO-DATE
> Task :core:data:packageReleaseResources UP-TO-DATE
> Task :feature:filters:packageReleaseResources UP-TO-DATE
> Task :core:common:extractDeepLinksRelease UP-TO-DATE
> Task :app:extractDeepLinksRelease UP-TO-DATE
> Task :core:data:extractDeepLinksRelease UP-TO-DATE
> Task :core:common:kspDebugKotlin UP-TO-DATE
> Task :feature:parental:packageReleaseResources UP-TO-DATE
> Task :feature:onboarding:packageReleaseResources UP-TO-DATE
> Task :feature:ar:packageReleaseResources UP-TO-DATE
> Task :core:common:processReleaseManifest UP-TO-DATE
> Task :core:domain:extractDeepLinksRelease UP-TO-DATE
> Task :core:data:processReleaseManifest UP-TO-DATE
> Task :core:security:extractDeepLinksRelease UP-TO-DATE
> Task :core:ui:extractDeepLinksRelease UP-TO-DATE
> Task :feature:ar:extractDeepLinksRelease UP-TO-DATE
> Task :feature:filters:extractDeepLinksRelease UP-TO-DATE
> Task :feature:vault:packageReleaseResources UP-TO-DATE
> Task :core:ui:processReleaseManifest UP-TO-DATE
> Task :feature:onboarding:extractDeepLinksRelease UP-TO-DATE
> Task :feature:capture:processReleaseManifest UP-TO-DATE
> Task :feature:parental:extractDeepLinksRelease UP-TO-DATE
> Task :feature:pet:extractDeepLinksRelease UP-TO-DATE
> Task :feature:filters:processReleaseManifest UP-TO-DATE
> Task :feature:vault:extractDeepLinksRelease UP-TO-DATE
> Task :feature:onboarding:processReleaseManifest UP-TO-DATE
> Task :core:common:compileReleaseLibraryResources UP-TO-DATE
> Task :core:data:compileReleaseLibraryResources UP-TO-DATE
> Task :feature:pet:processReleaseManifest UP-TO-DATE
> Task :feature:parental:processReleaseManifest UP-TO-DATE
> Task :core:common:parseReleaseLocalResources UP-TO-DATE
> Task :feature:vault:processReleaseManifest UP-TO-DATE
> Task :feature:capture:extractDeepLinksRelease UP-TO-DATE
> Task :core:domain:compileReleaseLibraryResources UP-TO-DATE
> Task :core:ui:compileReleaseLibraryResources UP-TO-DATE
> Task :feature:ar:compileReleaseLibraryResources UP-TO-DATE
> Task :core:common:generateReleaseRFile UP-TO-DATE
> Task :app:packageReleaseResources UP-TO-DATE
> Task :feature:ar:processReleaseManifest UP-TO-DATE
> Task :core:security:processReleaseManifest UP-TO-DATE
> Task :core:domain:processReleaseManifest UP-TO-DATE
> Task :feature:filters:compileReleaseLibraryResources UP-TO-DATE
> Task :core:security:compileReleaseLibraryResources UP-TO-DATE
> Task :core:domain:parseReleaseLocalResources UP-TO-DATE
> Task :feature:capture:compileReleaseLibraryResources UP-TO-DATE
> Task :feature:filters:parseReleaseLocalResources UP-TO-DATE
> Task :core:data:parseReleaseLocalResources UP-TO-DATE
> Task :feature:capture:parseReleaseLocalResources UP-TO-DATE
> Task :feature:ar:parseReleaseLocalResources UP-TO-DATE
> Task :app:parseReleaseLocalResources UP-TO-DATE
> Task :core:ui:parseReleaseLocalResources UP-TO-DATE
> Task :feature:onboarding:compileReleaseLibraryResources UP-TO-DATE
> Task :core:security:parseReleaseLocalResources UP-TO-DATE
> Task :feature:onboarding:parseReleaseLocalResources UP-TO-DATE
> Task :feature:parental:compileReleaseLibraryResources UP-TO-DATE
> Task :feature:pet:packageReleaseResources UP-TO-DATE
> Task :core:domain:generateReleaseRFile UP-TO-DATE
> Task :feature:filters:generateReleaseRFile UP-TO-DATE
> Task :core:data:generateReleaseRFile UP-TO-DATE
> Task :feature:parental:parseReleaseLocalResources UP-TO-DATE
> Task :feature:ar:generateReleaseRFile UP-TO-DATE
> Task :feature:capture:generateReleaseRFile UP-TO-DATE
> Task :app:mergeExtDexDebug UP-TO-DATE
> Task :core:common:compileDebugKotlin UP-TO-DATE
> Task :feature:pet:compileReleaseLibraryResources UP-TO-DATE
> Task :feature:pet:parseReleaseLocalResources UP-TO-DATE
> Task :feature:vault:compileReleaseLibraryResources UP-TO-DATE
> Task :feature:vault:parseReleaseLocalResources UP-TO-DATE
> Task :core:ui:generateReleaseRFile UP-TO-DATE
> Task :core:common:javaPreCompileRelease UP-TO-DATE
> Task :core:security:generateReleaseRFile UP-TO-DATE
> Task :core:common:processDebugJavaRes UP-TO-DATE
> Task :core:domain:javaPreCompileRelease UP-TO-DATE
> Task :feature:onboarding:generateReleaseRFile UP-TO-DATE
> Task :core:security:javaPreCompileRelease UP-TO-DATE
> Task :core:data:javaPreCompileRelease UP-TO-DATE
> Task :app:processReleaseMainManifest UP-TO-DATE
> Task :app:mergeDebugNativeLibs UP-TO-DATE
> Task :feature:parental:generateReleaseRFile UP-TO-DATE
> Task :feature:filters:javaPreCompileRelease UP-TO-DATE
> Task :core:ui:javaPreCompileRelease UP-TO-DATE
> Task :feature:pet:generateReleaseRFile UP-TO-DATE
> Task :feature:vault:generateReleaseRFile UP-TO-DATE
> Task :feature:ar:javaPreCompileRelease UP-TO-DATE
> Task :feature:capture:javaPreCompileRelease UP-TO-DATE
> Task :feature:onboarding:javaPreCompileRelease UP-TO-DATE
> Task :feature:pet:javaPreCompileRelease UP-TO-DATE
> Task :feature:parental:javaPreCompileRelease UP-TO-DATE
> Task :feature:vault:javaPreCompileRelease UP-TO-DATE
> Task :app:stripDebugDebugSymbols UP-TO-DATE
> Task :app:javaPreCompileRelease UP-TO-DATE
> Task :app:processReleaseManifest UP-TO-DATE
> Task :app:extractProguardFiles UP-TO-DATE
> Task :app:mapReleaseSourceSetPaths UP-TO-DATE
> Task :core:data:prepareLintJarForPublish UP-TO-DATE
> Task :core:domain:prepareLintJarForPublish UP-TO-DATE
> Task :core:common:extractProguardFiles UP-TO-DATE
> Task :core:security:prepareLintJarForPublish UP-TO-DATE
> Task :core:common:prepareLintJarForPublish UP-TO-DATE
> Task :core:ui:prepareLintJarForPublish UP-TO-DATE
> Task :core:data:extractProguardFiles UP-TO-DATE
> Task :core:domain:extractProguardFiles UP-TO-DATE
> Task :core:security:extractProguardFiles UP-TO-DATE
> Task :core:common:compileDebugJavaWithJavac UP-TO-DATE
> Task :core:ui:extractProguardFiles UP-TO-DATE
> Task :app:processReleaseManifestForPackage UP-TO-DATE
> Task :feature:ar:extractProguardFiles UP-TO-DATE
> Task :app:mergeReleaseResources UP-TO-DATE
> Task :feature:capture:extractProguardFiles UP-TO-DATE
> Task :feature:filters:extractProguardFiles UP-TO-DATE
> Task :feature:onboarding:extractProguardFiles UP-TO-DATE
> Task :feature:parental:extractProguardFiles UP-TO-DATE
> Task :feature:pet:extractProguardFiles UP-TO-DATE
> Task :app:processDebugResources UP-TO-DATE
> Task :feature:parental:prepareLintJarForPublish UP-TO-DATE
> Task :feature:vault:extractProguardFiles UP-TO-DATE
> Task :feature:pet:prepareLintJarForPublish UP-TO-DATE
> Task :feature:capture:mergeReleaseJniLibFolders UP-TO-DATE
> Task :feature:capture:mergeReleaseShaders UP-TO-DATE
> Task :feature:filters:prepareLintJarForPublish UP-TO-DATE
> Task :feature:capture:extractDeepLinksForAarRelease UP-TO-DATE
> Task :feature:onboarding:prepareLintJarForPublish UP-TO-DATE
> Task :feature:ar:mergeReleaseJniLibFolders UP-TO-DATE
> Task :feature:capture:compileReleaseShaders NO-SOURCE
> Task :feature:capture:generateReleaseAssets UP-TO-DATE
> Task :feature:ar:mergeReleaseShaders UP-TO-DATE
> Task :feature:vault:prepareLintJarForPublish UP-TO-DATE
> Task :feature:ar:extractDeepLinksForAarRelease UP-TO-DATE
> Task :feature:ar:compileReleaseShaders NO-SOURCE
> Task :feature:ar:mergeReleaseNativeLibs NO-SOURCE
> Task :feature:ar:prepareReleaseArtProfile UP-TO-DATE
> Task :feature:capture:packageReleaseAssets UP-TO-DATE
> Task :feature:capture:mergeReleaseNativeLibs NO-SOURCE
> Task :feature:ar:stripReleaseDebugSymbols NO-SOURCE
> Task :feature:ar:generateReleaseAssets UP-TO-DATE
> Task :feature:pet:extractDeepLinksForAarRelease UP-TO-DATE
> Task :feature:pet:mergeReleaseJniLibFolders UP-TO-DATE
> Task :feature:pet:mergeReleaseShaders UP-TO-DATE
> Task :feature:pet:prepareReleaseArtProfile UP-TO-DATE
> Task :feature:capture:prepareReleaseArtProfile UP-TO-DATE
> Task :feature:pet:compileReleaseShaders NO-SOURCE
> Task :feature:pet:mergeReleaseNativeLibs NO-SOURCE
> Task :feature:pet:generateReleaseAssets UP-TO-DATE
> Task :feature:ar:prepareLintJarForPublish UP-TO-DATE
> Task :feature:capture:prepareLintJarForPublish UP-TO-DATE
> Task :feature:capture:stripReleaseDebugSymbols NO-SOURCE
> Task :feature:vault:mergeReleaseJniLibFolders UP-TO-DATE
> Task :feature:ar:copyReleaseJniLibsProjectAndLocalJars UP-TO-DATE
> Task :feature:ar:packageReleaseAssets UP-TO-DATE
> Task :feature:pet:stripReleaseDebugSymbols NO-SOURCE
> Task :feature:vault:mergeReleaseShaders UP-TO-DATE
> Task :feature:vault:extractDeepLinksForAarRelease UP-TO-DATE
> Task :feature:parental:mergeReleaseJniLibFolders UP-TO-DATE
> Task :feature:onboarding:extractDeepLinksForAarRelease UP-TO-DATE
> Task :feature:vault:mergeReleaseNativeLibs NO-SOURCE
> Task :feature:pet:packageReleaseAssets UP-TO-DATE
> Task :feature:vault:prepareReleaseArtProfile UP-TO-DATE
> Task :core:common:transformDebugClassesWithAsm UP-TO-DATE
> Task :feature:capture:copyReleaseJniLibsProjectAndLocalJars UP-TO-DATE
> Task :feature:pet:copyReleaseJniLibsProjectAndLocalJars UP-TO-DATE
> Task :feature:parental:prepareReleaseArtProfile UP-TO-DATE
> Task :feature:vault:compileReleaseShaders NO-SOURCE
> Task :feature:vault:stripReleaseDebugSymbols NO-SOURCE
> Task :feature:onboarding:prepareReleaseArtProfile UP-TO-DATE
> Task :feature:vault:generateReleaseAssets UP-TO-DATE
> Task :feature:onboarding:mergeReleaseJniLibFolders UP-TO-DATE
> Task :feature:parental:mergeReleaseShaders UP-TO-DATE
> Task :feature:onboarding:mergeReleaseShaders UP-TO-DATE
> Task :feature:vault:copyReleaseJniLibsProjectAndLocalJars UP-TO-DATE
> Task :feature:onboarding:compileReleaseShaders NO-SOURCE
> Task :feature:parental:mergeReleaseNativeLibs NO-SOURCE
> Task :core:ui:prepareReleaseArtProfile UP-TO-DATE
> Task :feature:parental:compileReleaseShaders NO-SOURCE
> Task :feature:parental:generateReleaseAssets UP-TO-DATE
> Task :core:ui:extractDeepLinksForAarRelease UP-TO-DATE
> Task :feature:parental:stripReleaseDebugSymbols NO-SOURCE
> Task :feature:onboarding:generateReleaseAssets UP-TO-DATE
> Task :feature:vault:packageReleaseAssets UP-TO-DATE
> Task :core:data:extractDeepLinksForAarRelease UP-TO-DATE
> Task :feature:parental:extractDeepLinksForAarRelease UP-TO-DATE
> Task :core:common:bundleLibRuntimeToJarDebug UP-TO-DATE
> Task :core:ui:mergeReleaseShaders UP-TO-DATE
> Task :core:common:bundleLibRuntimeToDirDebug UP-TO-DATE
> Task :core:common:bundleLibCompileToJarDebug UP-TO-DATE
> Task :core:data:mergeReleaseJniLibFolders UP-TO-DATE
> Task :core:data:mergeReleaseShaders UP-TO-DATE
> Task :feature:parental:copyReleaseJniLibsProjectAndLocalJars UP-TO-DATE
> Task :core:ui:compileReleaseShaders NO-SOURCE
> Task :feature:onboarding:mergeReleaseNativeLibs NO-SOURCE
> Task :feature:onboarding:packageReleaseAssets UP-TO-DATE
> Task :feature:parental:packageReleaseAssets UP-TO-DATE
> Task :core:data:prepareReleaseArtProfile UP-TO-DATE
> Task :core:ui:generateReleaseAssets UP-TO-DATE
> Task :core:ui:mergeReleaseJniLibFolders UP-TO-DATE
> Task :feature:filters:mergeReleaseJniLibFolders UP-TO-DATE
> Task :feature:onboarding:stripReleaseDebugSymbols NO-SOURCE
> Task :core:data:mergeReleaseNativeLibs NO-SOURCE
> Task :core:ui:mergeReleaseNativeLibs NO-SOURCE
> Task :core:data:stripReleaseDebugSymbols NO-SOURCE
> Task :core:data:compileReleaseShaders NO-SOURCE
> Task :core:data:generateReleaseAssets UP-TO-DATE
> Task :app:processReleaseResources UP-TO-DATE
> Task :feature:onboarding:copyReleaseJniLibsProjectAndLocalJars UP-TO-DATE
> Task :feature:filters:extractDeepLinksForAarRelease UP-TO-DATE
> Task :core:ui:stripReleaseDebugSymbols NO-SOURCE
> Task :feature:filters:prepareReleaseArtProfile UP-TO-DATE
> Task :core:domain:mergeReleaseJniLibFolders UP-TO-DATE
> Task :core:ui:packageReleaseAssets UP-TO-DATE
> Task :feature:filters:mergeReleaseNativeLibs NO-SOURCE
> Task :feature:filters:mergeReleaseShaders UP-TO-DATE
> Task :core:data:copyReleaseJniLibsProjectAndLocalJars UP-TO-DATE
> Task :core:data:packageReleaseAssets UP-TO-DATE
> Task :feature:filters:stripReleaseDebugSymbols NO-SOURCE
> Task :feature:filters:compileReleaseShaders NO-SOURCE
> Task :core:ui:copyReleaseJniLibsProjectAndLocalJars UP-TO-DATE
> Task :feature:filters:generateReleaseAssets UP-TO-DATE
> Task :core:security:extractDeepLinksForAarRelease UP-TO-DATE
> Task :core:domain:mergeReleaseShaders UP-TO-DATE
> Task :core:security:mergeReleaseJniLibFolders UP-TO-DATE
> Task :core:security:prepareReleaseArtProfile UP-TO-DATE
> Task :core:security:mergeReleaseShaders UP-TO-DATE
> Task :core:security:mergeReleaseNativeLibs NO-SOURCE
> Task :feature:filters:copyReleaseJniLibsProjectAndLocalJars UP-TO-DATE
> Task :core:common:mergeReleaseJniLibFolders UP-TO-DATE
> Task :core:domain:mergeReleaseNativeLibs NO-SOURCE
> Task :feature:filters:packageReleaseAssets UP-TO-DATE
> Task :core:common:extractDeepLinksForAarRelease UP-TO-DATE
> Task :core:common:mergeReleaseShaders UP-TO-DATE
> Task :core:security:compileReleaseShaders NO-SOURCE
> Task :core:common:prepareReleaseArtProfile UP-TO-DATE
> Task :core:common:writeReleaseLintModelMetadata UP-TO-DATE
> Task :core:security:generateReleaseAssets UP-TO-DATE
> Task :core:domain:compileReleaseShaders NO-SOURCE
> Task :core:security:stripReleaseDebugSymbols NO-SOURCE
> Task :core:domain:extractDeepLinksForAarRelease UP-TO-DATE
> Task :core:common:compileReleaseShaders NO-SOURCE
> Task :core:domain:stripReleaseDebugSymbols NO-SOURCE
> Task :core:domain:prepareReleaseArtProfile UP-TO-DATE
> Task :core:common:generateReleaseAssets UP-TO-DATE
> Task :core:security:writeReleaseLintModelMetadata UP-TO-DATE
> Task :core:common:mergeReleaseNativeLibs NO-SOURCE
> Task :core:common:kspReleaseKotlin UP-TO-DATE
> Task :core:domain:writeReleaseLintModelMetadata UP-TO-DATE
> Task :core:data:writeReleaseLintModelMetadata UP-TO-DATE
> Task :core:domain:generateReleaseAssets UP-TO-DATE
> Task :core:security:copyReleaseJniLibsProjectAndLocalJars UP-TO-DATE
> Task :core:security:packageReleaseAssets UP-TO-DATE
> Task :core:ui:writeReleaseLintModelMetadata UP-TO-DATE
> Task :core:common:stripReleaseDebugSymbols NO-SOURCE
> Task :core:domain:copyReleaseJniLibsProjectAndLocalJars UP-TO-DATE
> Task :core:common:packageReleaseAssets UP-TO-DATE
> Task :feature:ar:writeReleaseLintModelMetadata UP-TO-DATE
> Task :feature:filters:writeReleaseLintModelMetadata UP-TO-DATE
> Task :feature:capture:writeReleaseLintModelMetadata UP-TO-DATE
> Task :feature:parental:writeReleaseLintModelMetadata UP-TO-DATE
> Task :core:common:copyReleaseJniLibsProjectAndLocalJars UP-TO-DATE
> Task :feature:pet:writeReleaseLintModelMetadata UP-TO-DATE
> Task :feature:vault:writeReleaseLintModelMetadata UP-TO-DATE
> Task :core:domain:packageReleaseAssets UP-TO-DATE
> Task :core:common:copyReleaseJniLibsProjectOnly UP-TO-DATE
> Task :app:mergeReleaseJniLibFolders UP-TO-DATE
> Task :core:data:copyReleaseJniLibsProjectOnly UP-TO-DATE
> Task :core:domain:copyReleaseJniLibsProjectOnly UP-TO-DATE
> Task :feature:onboarding:writeReleaseLintModelMetadata UP-TO-DATE
> Task :core:ui:copyReleaseJniLibsProjectOnly UP-TO-DATE
> Task :feature:capture:copyReleaseJniLibsProjectOnly UP-TO-DATE
> Task :core:security:copyReleaseJniLibsProjectOnly UP-TO-DATE
> Task :feature:onboarding:copyReleaseJniLibsProjectOnly UP-TO-DATE
> Task :app:mergeReleaseStartupProfile UP-TO-DATE
> Task :feature:parental:copyReleaseJniLibsProjectOnly UP-TO-DATE
> Task :feature:filters:copyReleaseJniLibsProjectOnly UP-TO-DATE
> Task :feature:vault:copyReleaseJniLibsProjectOnly UP-TO-DATE
> Task :core:ui:stripDebugDebugSymbols NO-SOURCE
> Task :feature:ar:copyReleaseJniLibsProjectOnly UP-TO-DATE
> Task :core:ui:extractDeepLinksForAarDebug UP-TO-DATE
> Task :core:ui:prepareDebugArtProfile UP-TO-DATE
> Task :core:common:stripDebugDebugSymbols NO-SOURCE
> Task :app:extractReleaseVersionControlInfo UP-TO-DATE
> Task :app:mergeReleaseShaders UP-TO-DATE
> Task :feature:pet:copyReleaseJniLibsProjectOnly UP-TO-DATE
> Task :app:writeReleaseAppMetadata UP-TO-DATE
> Task :app:writeReleaseSigningConfigVersions UP-TO-DATE
> Task :core:common:extractDeepLinksForAarDebug UP-TO-DATE
> Task :app:compileReleaseShaders NO-SOURCE
> Task :app:generateReleaseAssets UP-TO-DATE
> Task :core:common:prepareDebugArtProfile UP-TO-DATE
> Task :core:domain:extractDeepLinksForAarDebug UP-TO-DATE
> Task :core:domain:stripDebugDebugSymbols NO-SOURCE
> Task :core:ui:copyDebugJniLibsProjectAndLocalJars UP-TO-DATE
> Task :app:optimizeReleaseResources UP-TO-DATE
> Task :core:common:copyDebugJniLibsProjectAndLocalJars UP-TO-DATE
> Task :core:data:stripDebugDebugSymbols NO-SOURCE
> Task :core:domain:prepareDebugArtProfile UP-TO-DATE
> Task :core:common:mergeDebugGeneratedProguardFiles UP-TO-DATE
> Task :core:data:extractDeepLinksForAarDebug UP-TO-DATE
> Task :core:data:prepareDebugArtProfile UP-TO-DATE
> Task :app:checkReleaseDuplicateClasses UP-TO-DATE
> Task :core:security:stripDebugDebugSymbols NO-SOURCE
> Task :app:mergeReleaseAssets UP-TO-DATE
> Task :core:common:mergeDebugConsumerProguardFiles UP-TO-DATE
> Task :core:domain:copyDebugJniLibsProjectAndLocalJars UP-TO-DATE
> Task :app:mergeReleaseArtProfile UP-TO-DATE
> Task :core:common:mergeDebugJavaResource UP-TO-DATE
> Task :feature:ar:stripDebugDebugSymbols NO-SOURCE
> Task :core:security:extractDeepLinksForAarDebug UP-TO-DATE
> Task :core:security:prepareDebugArtProfile UP-TO-DATE
> Task :app:collectReleaseDependencies UP-TO-DATE
> Task :feature:filters:stripDebugDebugSymbols NO-SOURCE
> Task :app:compressReleaseAssets UP-TO-DATE
> Task :core:data:copyDebugJniLibsProjectAndLocalJars UP-TO-DATE
> Task :feature:ar:prepareDebugArtProfile UP-TO-DATE
> Task :feature:capture:stripDebugDebugSymbols NO-SOURCE
> Task :feature:ar:extractDeepLinksForAarDebug UP-TO-DATE
> Task :feature:filters:extractDeepLinksForAarDebug UP-TO-DATE
> Task :feature:filters:prepareDebugArtProfile UP-TO-DATE
> Task :core:security:copyDebugJniLibsProjectAndLocalJars UP-TO-DATE
> Task :feature:pet:stripDebugDebugSymbols NO-SOURCE
> Task :core:common:compileReleaseKotlin UP-TO-DATE
> Task :feature:ar:copyDebugJniLibsProjectAndLocalJars UP-TO-DATE
> Task :feature:capture:prepareDebugArtProfile UP-TO-DATE
> Task :feature:filters:copyDebugJniLibsProjectAndLocalJars UP-TO-DATE
> Task :app:expandReleaseL8ArtProfileWildcards UP-TO-DATE
> Task :feature:capture:copyDebugJniLibsProjectAndLocalJars UP-TO-DATE
> Task :feature:vault:stripDebugDebugSymbols NO-SOURCE
> Task :feature:pet:prepareDebugArtProfile UP-TO-DATE
> Task :feature:parental:stripDebugDebugSymbols NO-SOURCE
> Task :feature:pet:extractDeepLinksForAarDebug UP-TO-DATE
> Task :feature:pet:copyDebugJniLibsProjectAndLocalJars UP-TO-DATE
> Task :feature:onboarding:stripDebugDebugSymbols NO-SOURCE
> Task :feature:parental:prepareDebugArtProfile UP-TO-DATE
> Task :app:sdkReleaseDependencyData UP-TO-DATE
> Task :feature:vault:copyDebugJniLibsProjectAndLocalJars UP-TO-DATE
> Task :feature:capture:extractDeepLinksForAarDebug UP-TO-DATE
> Task :feature:parental:copyDebugJniLibsProjectAndLocalJars UP-TO-DATE
> Task :feature:parental:extractDeepLinksForAarDebug UP-TO-DATE
> Task :core:common:processReleaseJavaRes UP-TO-DATE
> Task :feature:onboarding:copyDebugJniLibsProjectAndLocalJars UP-TO-DATE
> Task :core:common:writeDebugLintModelMetadata UP-TO-DATE
> Task :core:data:writeDebugLintModelMetadata UP-TO-DATE
> Task :core:common:createFullJarDebug UP-TO-DATE
> Task :feature:onboarding:extractDeepLinksForAarDebug UP-TO-DATE
> Task :core:common:compileReleaseJavaWithJavac UP-TO-DATE
> Task :feature:vault:extractDeepLinksForAarDebug UP-TO-DATE
> Task :core:common:mergeReleaseJavaResource UP-TO-DATE
> Task :feature:vault:prepareDebugArtProfile UP-TO-DATE
> Task :core:security:writeDebugLintModelMetadata UP-TO-DATE
> Task :core:common:extractDebugAnnotations UP-TO-DATE
> Task :core:ui:writeDebugLintModelMetadata UP-TO-DATE
> Task :feature:onboarding:prepareDebugArtProfile UP-TO-DATE
> Task :core:domain:writeDebugLintModelMetadata UP-TO-DATE
> Task :feature:ar:writeDebugLintModelMetadata UP-TO-DATE
> Task :app:preDebugAndroidTestBuild SKIPPED
> Task :feature:capture:writeDebugLintModelMetadata UP-TO-DATE
> Task :feature:filters:writeDebugLintModelMetadata UP-TO-DATE
> Task :feature:onboarding:writeDebugLintModelMetadata UP-TO-DATE
> Task :feature:pet:writeDebugLintModelMetadata UP-TO-DATE
> Task :feature:parental:writeDebugLintModelMetadata UP-TO-DATE
> Task :feature:vault:writeDebugLintModelMetadata UP-TO-DATE
> Task :core:common:syncDebugLibJars UP-TO-DATE
> Task :app:generateDebugAndroidTestResValues UP-TO-DATE
> Task :app:preDebugUnitTestBuild UP-TO-DATE
> Task :core:common:transformReleaseClassesWithAsm UP-TO-DATE
> Task :app:mergeReleaseNativeLibs UP-TO-DATE
> Task :core:common:bundleLibCompileToJarRelease UP-TO-DATE
> Task :core:common:preDebugAndroidTestBuild UP-TO-DATE
> Task :core:common:bundleLibRuntimeToJarRelease UP-TO-DATE
> Task :app:stripReleaseDebugSymbols UP-TO-DATE
> Task :core:common:bundleDebugLocalLintAar UP-TO-DATE
> Task :core:common:createFullJarRelease UP-TO-DATE
> Task :app:extractReleaseNativeSymbolTables UP-TO-DATE
> Task :core:common:preDebugUnitTestBuild UP-TO-DATE
> Task :core:data:preDebugAndroidTestBuild UP-TO-DATE
> Task :app:mergeReleaseNativeDebugMetadata NO-SOURCE
> Task :core:common:extractReleaseAnnotations UP-TO-DATE
> Task :core:data:generateDebugAndroidTestResValues UP-TO-DATE
> Task :core:data:preDebugUnitTestBuild UP-TO-DATE
> Task :core:domain:preDebugUnitTestBuild UP-TO-DATE
> Task :core:domain:preDebugAndroidTestBuild UP-TO-DATE
> Task :core:security:preDebugAndroidTestBuild UP-TO-DATE
> Task :core:security:generateDebugAndroidTestResValues UP-TO-DATE
> Task :core:security:preDebugUnitTestBuild UP-TO-DATE
> Task :core:ui:preDebugAndroidTestBuild UP-TO-DATE
> Task :core:common:mergeReleaseGeneratedProguardFiles UP-TO-DATE
> Task :core:ui:generateDebugAndroidTestResValues UP-TO-DATE
> Task :core:common:exportReleaseConsumerProguardFiles UP-TO-DATE
> Task :core:common:mergeReleaseConsumerProguardFiles UP-TO-DATE
> Task :core:common:generateDebugLintModel UP-TO-DATE
> Task :core:ui:preDebugUnitTestBuild UP-TO-DATE
> Task :feature:ar:preDebugAndroidTestBuild UP-TO-DATE
> Task :feature:ar:preDebugUnitTestBuild UP-TO-DATE
> Task :feature:capture:preDebugAndroidTestBuild UP-TO-DATE
> Task :feature:capture:preDebugUnitTestBuild UP-TO-DATE
> Task :feature:filters:preDebugAndroidTestBuild UP-TO-DATE
> Task :feature:ar:generateDebugAndroidTestResValues UP-TO-DATE
> Task :core:common:generateDebugAndroidTestResValues UP-TO-DATE
> Task :feature:filters:generateDebugAndroidTestResValues UP-TO-DATE
> Task :feature:capture:generateDebugAndroidTestResValues UP-TO-DATE
> Task :feature:onboarding:preDebugAndroidTestBuild UP-TO-DATE
> Task :feature:filters:preDebugUnitTestBuild UP-TO-DATE
> Task :core:common:generateDebugUnitTestLintModel UP-TO-DATE
> Task :core:common:syncReleaseLibJars UP-TO-DATE
> Task :core:domain:kspDebugKotlin UP-TO-DATE
> Task :core:common:generateReleaseLintModel UP-TO-DATE
> Task :feature:onboarding:preDebugUnitTestBuild UP-TO-DATE
> Task :feature:parental:preDebugUnitTestBuild UP-TO-DATE
> Task :core:security:kspDebugKotlin UP-TO-DATE
> Task :feature:pet:preDebugAndroidTestBuild UP-TO-DATE
> Task :feature:parental:preDebugAndroidTestBuild UP-TO-DATE
> Task :feature:pet:preDebugUnitTestBuild UP-TO-DATE
> Task :feature:vault:preDebugAndroidTestBuild UP-TO-DATE
> Task :feature:pet:generateDebugAndroidTestResValues UP-TO-DATE
> Task :feature:parental:generateDebugAndroidTestResValues UP-TO-DATE
> Task :feature:onboarding:generateDebugAndroidTestResValues UP-TO-DATE
> Task :feature:vault:preDebugUnitTestBuild UP-TO-DATE
> Task :core:common:lintAnalyzeDebugUnitTest UP-TO-DATE
> Task :core:domain:generateDebugAndroidTestResValues UP-TO-DATE
> Task :app:preReleaseUnitTestBuild UP-TO-DATE
> Task :core:common:generateReleaseLintVitalModel UP-TO-DATE
> Task :app:javaPreCompileReleaseUnitTest UP-TO-DATE
> Task :core:common:bundleDebugAar UP-TO-DATE
> Task :core:common:lintVitalAnalyzeRelease UP-TO-DATE
> Task :app:javaPreCompileDebugUnitTest UP-TO-DATE
> Task :feature:vault:generateDebugAndroidTestResValues UP-TO-DATE
> Task :core:common:assembleDebug UP-TO-DATE
> Task :core:common:bundleReleaseLocalLintAar UP-TO-DATE
> Task :core:common:mapReleaseSourceSetPaths UP-TO-DATE
> Task :core:common:lintAnalyzeDebug UP-TO-DATE
> Task :core:common:javaPreCompileDebugUnitTest UP-TO-DATE
> Task :core:common:bundleReleaseAar UP-TO-DATE
> Task :core:common:generateDebugAndroidTestLintModel UP-TO-DATE
> Task :core:common:generateDebugUnitTestStubRFile UP-TO-DATE
> Task :core:common:lintAnalyzeDebugAndroidTest UP-TO-DATE
> Task :core:common:preReleaseUnitTestBuild UP-TO-DATE
> Task :core:common:mergeReleaseResources UP-TO-DATE
> Task :core:common:javaPreCompileReleaseUnitTest UP-TO-DATE
> Task :core:data:javaPreCompileDebugUnitTest UP-TO-DATE
> Task :core:data:preReleaseUnitTestBuild UP-TO-DATE
> Task :core:common:generateReleaseUnitTestStubRFile UP-TO-DATE
> Task :core:data:javaPreCompileReleaseUnitTest UP-TO-DATE
> Task :core:common:kspDebugUnitTestKotlin NO-SOURCE
> Task :core:domain:javaPreCompileDebugUnitTest UP-TO-DATE
> Task :core:domain:preReleaseUnitTestBuild UP-TO-DATE
> Task :core:domain:mapReleaseSourceSetPaths UP-TO-DATE
> Task :core:common:compileDebugUnitTestKotlin NO-SOURCE
> Task :core:domain:compileDebugKotlin UP-TO-DATE
> Task :core:domain:mergeReleaseResources UP-TO-DATE
> Task :core:common:kspReleaseUnitTestKotlin NO-SOURCE
> Task :core:domain:generateDebugUnitTestStubRFile UP-TO-DATE
> Task :core:domain:generateReleaseUnitTestStubRFile UP-TO-DATE
> Task :core:common:compileDebugUnitTestJavaWithJavac NO-SOURCE
> Task :core:common:verifyReleaseResources UP-TO-DATE
> Task :core:common:assembleRelease UP-TO-DATE
> Task :core:common:assemble UP-TO-DATE
> Task :core:domain:javaPreCompileReleaseUnitTest UP-TO-DATE
> Task :core:common:compileReleaseUnitTestKotlin NO-SOURCE
> Task :core:domain:processDebugJavaRes UP-TO-DATE
> Task :core:data:mapReleaseSourceSetPaths UP-TO-DATE
> Task :core:common:generateDebugLintReportModel UP-TO-DATE
> Task :core:network:preBuild UP-TO-DATE
> Task :core:network:checkKotlinGradlePluginConfigurationErrors SKIPPED
> Task :core:network:preDebugBuild UP-TO-DATE
> Task :core:network:preReleaseBuild UP-TO-DATE
> Task :core:common:compileReleaseUnitTestJavaWithJavac NO-SOURCE
> Task :core:domain:verifyReleaseResources UP-TO-DATE
> Task :core:data:mergeReleaseResources UP-TO-DATE
> Task :core:network:generateDebugResValues UP-TO-DATE
> Task :core:security:compileDebugKotlin UP-TO-DATE
> Task :core:network:prepareLintJarForPublish UP-TO-DATE
> Task :core:data:generateDebugUnitTestStubRFile UP-TO-DATE
> Task :core:domain:compileDebugJavaWithJavac UP-TO-DATE
> Task :core:domain:mergeDebugJavaResource UP-TO-DATE
> Task :core:network:mergeDebugJniLibFolders UP-TO-DATE
> Task :core:data:generateReleaseUnitTestStubRFile UP-TO-DATE
> Task :core:network:javaPreCompileDebug UP-TO-DATE
> Task :core:network:generateDebugResources UP-TO-DATE
> Task :core:security:processDebugJavaRes UP-TO-DATE
> Task :core:network:mergeDebugNativeLibs NO-SOURCE
> Task :core:network:stripDebugDebugSymbols NO-SOURCE
> Task :core:security:mergeDebugJavaResource UP-TO-DATE
> Task :core:common:lintReportDebug UP-TO-DATE
> Task :core:security:compileDebugJavaWithJavac UP-TO-DATE
> Task :core:network:packageDebugResources UP-TO-DATE
> Task :core:network:copyDebugJniLibsProjectAndLocalJars UP-TO-DATE
> Task :core:domain:transformDebugClassesWithAsm UP-TO-DATE
> Task :core:network:parseDebugLocalResources UP-TO-DATE
> Task :core:domain:bundleLibCompileToJarDebug UP-TO-DATE
> Task :core:security:kspReleaseKotlin UP-TO-DATE
> Task :core:common:lintDebug
> Task :core:domain:bundleLibRuntimeToJarDebug UP-TO-DATE
> Task :core:data:verifyReleaseResources UP-TO-DATE
> Task :core:domain:extractDebugAnnotations UP-TO-DATE
> Task :core:domain:bundleLibRuntimeToDirDebug UP-TO-DATE
> Task :core:security:transformDebugClassesWithAsm UP-TO-DATE
> Task :core:security:extractDebugAnnotations UP-TO-DATE
> Task :core:security:bundleLibCompileToJarDebug UP-TO-DATE
> Task :core:security:bundleLibRuntimeToJarDebug UP-TO-DATE
> Task :core:domain:syncDebugLibJars UP-TO-DATE
> Task :core:security:bundleLibRuntimeToDirDebug UP-TO-DATE
> Task :core:domain:kspReleaseKotlin UP-TO-DATE
> Task :core:domain:mergeDebugGeneratedProguardFiles UP-TO-DATE
> Task :core:domain:mergeDebugConsumerProguardFiles UP-TO-DATE
> Task :core:domain:createFullJarDebug UP-TO-DATE
> Task :core:domain:bundleDebugLocalLintAar UP-TO-DATE
> Task :core:security:createFullJarDebug UP-TO-DATE
> Task :core:security:syncDebugLibJars UP-TO-DATE
> Task :core:security:mergeDebugGeneratedProguardFiles UP-TO-DATE
> Task :core:domain:generateDebugLintReportModel UP-TO-DATE
> Task :core:security:mergeDebugConsumerProguardFiles UP-TO-DATE
> Task :core:common:hiltAggregateDepsDebugUnitTest UP-TO-DATE
> Task :core:security:generateDebugLintModel UP-TO-DATE
> Task :core:domain:generateDebugLintModel UP-TO-DATE
> Task :core:domain:lintAnalyzeDebug UP-TO-DATE
> Task :core:security:bundleDebugLocalLintAar UP-TO-DATE
> Task :core:common:lint
> Task :core:common:hiltJavaCompileDebugUnitTest NO-SOURCE
> Task :core:domain:generateDebugAndroidTestLintModel UP-TO-DATE
> Task :core:security:compileReleaseKotlin UP-TO-DATE
> Task :core:domain:generateDebugUnitTestLintModel UP-TO-DATE
> Task :core:domain:lintAnalyzeDebugAndroidTest UP-TO-DATE
> Task :core:security:lintAnalyzeDebug UP-TO-DATE
> Task :core:common:processDebugUnitTestJavaRes NO-SOURCE
> Task :core:domain:lintAnalyzeDebugUnitTest UP-TO-DATE
> Task :core:security:generateDebugAndroidTestLintModel UP-TO-DATE
> Task :core:domain:bundleDebugAar UP-TO-DATE
> Task :core:domain:assembleDebug UP-TO-DATE
> Task :core:common:hiltAggregateDepsReleaseUnitTest UP-TO-DATE
> Task :core:security:lintAnalyzeDebugUnitTest UP-TO-DATE
> Task :core:network:extractDeepLinksForAarDebug UP-TO-DATE
> Task :core:ui:compileDebugKotlin UP-TO-DATE
> Task :core:security:generateDebugUnitTestLintModel UP-TO-DATE
> Task :core:domain:compileReleaseKotlin UP-TO-DATE
> Task :core:common:hiltJavaCompileReleaseUnitTest NO-SOURCE
> Task :core:ui:compileDebugJavaWithJavac NO-SOURCE
> Task :core:network:mergeDebugShaders UP-TO-DATE
> Task :core:security:processReleaseJavaRes UP-TO-DATE
> Task :core:security:lintAnalyzeDebugAndroidTest UP-TO-DATE
> Task :core:ui:processDebugJavaRes UP-TO-DATE
> Task :core:ui:bundleLibCompileToJarDebug UP-TO-DATE
> Task :core:network:generateDebugRFile UP-TO-DATE
> Task :core:ui:bundleLibRuntimeToJarDebug UP-TO-DATE
> Task :core:security:compileReleaseJavaWithJavac UP-TO-DATE
> Task :core:common:transformDebugUnitTestClassesWithAsm UP-TO-DATE
> Task :core:ui:bundleLibRuntimeToDirDebug UP-TO-DATE
> Task :core:domain:processReleaseJavaRes UP-TO-DATE
> Task :core:domain:lintReportDebug UP-TO-DATE
> Task :core:security:mergeReleaseJavaResource UP-TO-DATE
> Task :core:security:extractReleaseAnnotations UP-TO-DATE
> Task :core:domain:compileReleaseJavaWithJavac UP-TO-DATE
> Task :core:domain:mergeReleaseJavaResource UP-TO-DATE
> Task :core:ui:createFullJarDebug UP-TO-DATE
> Task :core:ui:mergeDebugJavaResource UP-TO-DATE
> Task :core:ui:mergeDebugGeneratedProguardFiles UP-TO-DATE
> Task :core:ui:extractDebugAnnotations UP-TO-DATE
> Task :core:ui:mergeDebugConsumerProguardFiles UP-TO-DATE
> Task :core:domain:transformReleaseClassesWithAsm UP-TO-DATE
> Task :core:ui:syncDebugLibJars UP-TO-DATE
> Task :core:domain:bundleLibCompileToJarRelease UP-TO-DATE
> Task :core:security:transformReleaseClassesWithAsm UP-TO-DATE
> Task :core:domain:bundleLibRuntimeToJarRelease UP-TO-DATE
> Task :core:security:bundleLibCompileToJarRelease UP-TO-DATE
> Task :core:security:bundleLibRuntimeToJarRelease UP-TO-DATE
> Task :core:domain:mergeReleaseGeneratedProguardFiles UP-TO-DATE
> Task :core:ui:generateDebugLintModel UP-TO-DATE
> Task :core:domain:createFullJarRelease UP-TO-DATE
> Task :core:security:createFullJarRelease UP-TO-DATE
> Task :core:domain:generateReleaseLintVitalModel UP-TO-DATE
> Task :core:security:generateReleaseLintModel UP-TO-DATE
> Task :core:security:generateReleaseLintVitalModel UP-TO-DATE
> Task :core:domain:mergeReleaseConsumerProguardFiles UP-TO-DATE
> Task :core:ui:lintAnalyzeDebug UP-TO-DATE
> Task :core:domain:exportReleaseConsumerProguardFiles UP-TO-DATE
> Task :core:ui:bundleDebugLocalLintAar UP-TO-DATE
> Task :core:common:processReleaseUnitTestJavaRes NO-SOURCE
> Task :core:common:testDebugUnitTest NO-SOURCE
> Task :core:security:lintVitalAnalyzeRelease UP-TO-DATE
> Task :core:domain:generateReleaseLintModel UP-TO-DATE
> Task :core:security:syncReleaseLibJars UP-TO-DATE
> Task :core:domain:extractReleaseAnnotations UP-TO-DATE
> Task :core:security:mergeReleaseGeneratedProguardFiles UP-TO-DATE
> Task :feature:filters:kspDebugKotlin UP-TO-DATE
> Task :core:domain:lintDebug
> Task :core:security:exportReleaseConsumerProguardFiles UP-TO-DATE
> Task :core:security:mergeReleaseConsumerProguardFiles UP-TO-DATE
> Task :core:domain:lintVitalAnalyzeRelease UP-TO-DATE
> Task :core:domain:lint
> Task :core:domain:syncReleaseLibJars UP-TO-DATE
> Task :core:common:transformReleaseUnitTestClassesWithAsm UP-TO-DATE
> Task :core:network:compileDebugShaders NO-SOURCE
> Task :core:security:bundleReleaseLocalLintAar UP-TO-DATE
> Task :core:ui:generateDebugAndroidTestLintModel UP-TO-DATE
> Task :core:network:generateDebugAssets UP-TO-DATE
> Task :core:domain:bundleReleaseLocalLintAar UP-TO-DATE
> Task :core:domain:bundleReleaseAar UP-TO-DATE
> Task :core:ui:generateDebugUnitTestLintModel UP-TO-DATE
> Task :core:domain:assembleRelease UP-TO-DATE
> Task :core:domain:assemble UP-TO-DATE
> Task :core:network:packageDebugAssets UP-TO-DATE
> Task :core:network:prepareDebugArtProfile UP-TO-DATE
> Task :core:network:kspDebugKotlin NO-SOURCE
> Task :core:common:testReleaseUnitTest NO-SOURCE
> Task :core:network:writeDebugAarMetadata UP-TO-DATE
> Task :core:common:test UP-TO-DATE
> Task :core:network:generateReleaseResValues UP-TO-DATE
> Task :core:common:check
> Task :core:common:build
> Task :core:network:mergeReleaseJniLibFolders UP-TO-DATE
> Task :core:network:javaPreCompileRelease UP-TO-DATE
> Task :core:ui:lintAnalyzeDebugUnitTest UP-TO-DATE
> Task :core:network:compileDebugKotlin NO-SOURCE
> Task :core:network:processDebugManifest UP-TO-DATE
> Task :core:network:mergeReleaseShaders UP-TO-DATE
> Task :core:network:generateReleaseResources UP-TO-DATE
> Task :core:ui:compileReleaseKotlin UP-TO-DATE
> Task :core:network:processDebugJavaRes NO-SOURCE
> Task :core:network:mergeReleaseNativeLibs NO-SOURCE
> Task :core:network:prepareReleaseArtProfile UP-TO-DATE
> Task :core:network:compileDebugJavaWithJavac NO-SOURCE
> Task :core:network:extractDeepLinksForAarRelease UP-TO-DATE
> Task :core:network:stripReleaseDebugSymbols NO-SOURCE
> Task :core:ui:compileReleaseJavaWithJavac NO-SOURCE
> Task :core:network:processReleaseManifest UP-TO-DATE
> Task :core:ui:processReleaseJavaRes UP-TO-DATE
> Task :core:network:mergeDebugJavaResource UP-TO-DATE
> Task :core:ui:bundleLibRuntimeToJarRelease UP-TO-DATE
> Task :core:ui:bundleLibCompileToJarRelease UP-TO-DATE
> Task :core:network:packageReleaseResources UP-TO-DATE
> Task :core:ui:createFullJarRelease UP-TO-DATE
> Task :core:network:extractDebugAnnotations UP-TO-DATE
> Task :core:ui:mergeReleaseJavaResource UP-TO-DATE
> Task :core:network:copyReleaseJniLibsProjectAndLocalJars UP-TO-DATE
> Task :core:ui:mergeReleaseGeneratedProguardFiles UP-TO-DATE
> Task :core:ui:extractReleaseAnnotations UP-TO-DATE
> Task :feature:filters:compileDebugKotlin UP-TO-DATE
> Task :core:network:compileReleaseShaders NO-SOURCE
> Task :core:network:transformDebugClassesWithAsm UP-TO-DATE
> Task :core:network:parseReleaseLocalResources UP-TO-DATE
> Task :core:ui:mergeReleaseConsumerProguardFiles UP-TO-DATE
> Task :core:ui:syncReleaseLibJars UP-TO-DATE
> Task :core:ui:generateReleaseLintModel UP-TO-DATE
> Task :core:ui:exportReleaseConsumerProguardFiles UP-TO-DATE
> Task :feature:filters:processDebugJavaRes UP-TO-DATE
> Task :core:network:generateReleaseAssets UP-TO-DATE
> Task :core:ui:bundleReleaseLocalLintAar UP-TO-DATE
> Task :core:network:mergeDebugGeneratedProguardFiles UP-TO-DATE
> Task :core:network:packageReleaseAssets UP-TO-DATE
> Task :core:network:syncDebugLibJars UP-TO-DATE
> Task :feature:filters:mergeDebugJavaResource UP-TO-DATE
> Task :core:ui:generateReleaseLintVitalModel UP-TO-DATE
> Task :core:network:preDebugAndroidTestBuild UP-TO-DATE
> Task :core:network:mergeDebugConsumerProguardFiles UP-TO-DATE
> Task :core:network:writeReleaseAarMetadata UP-TO-DATE
> Task :core:ui:lintVitalAnalyzeRelease UP-TO-DATE
> Task :core:network:generateDebugAndroidTestResValues UP-TO-DATE
> Task :feature:filters:compileDebugJavaWithJavac UP-TO-DATE
> Task :core:network:bundleLibRuntimeToJarDebug UP-TO-DATE
> Task :core:network:generateReleaseRFile UP-TO-DATE
> Task :core:network:extractProguardFiles UP-TO-DATE
> Task :core:network:mapReleaseSourceSetPaths UP-TO-DATE
> Task :core:network:writeDebugLintModelMetadata UP-TO-DATE
> Task :core:network:bundleDebugAar UP-TO-DATE
> Task :core:network:assembleDebug UP-TO-DATE
> Task :core:network:preDebugUnitTestBuild UP-TO-DATE
> Task :core:network:bundleDebugLocalLintAar UP-TO-DATE
> Task :core:network:createFullJarDebug UP-TO-DATE
> Task :core:ui:lintAnalyzeDebugAndroidTest UP-TO-DATE
> Task :core:network:mergeReleaseResources UP-TO-DATE
> Task :core:domain:kspDebugUnitTestKotlin UP-TO-DATE
> Task :core:network:kspReleaseKotlin NO-SOURCE
> Task :core:network:compileReleaseKotlin NO-SOURCE
> Task :core:network:generateDebugUnitTestStubRFile UP-TO-DATE
> Task :core:network:verifyReleaseResources UP-TO-DATE
> Task :feature:filters:transformDebugClassesWithAsm UP-TO-DATE
> Task :feature:filters:extractDebugAnnotations UP-TO-DATE
> Task :core:network:compileReleaseJavaWithJavac NO-SOURCE
> Task :core:network:processReleaseJavaRes NO-SOURCE
> Task :feature:filters:bundleLibRuntimeToJarDebug UP-TO-DATE
> Task :core:network:extractReleaseAnnotations UP-TO-DATE
> Task :feature:filters:bundleLibRuntimeToDirDebug UP-TO-DATE
> Task :feature:filters:bundleLibCompileToJarDebug UP-TO-DATE
> Task :core:network:generateDebugUnitTestLintModel UP-TO-DATE
> Task :core:network:generateDebugAndroidTestLintModel UP-TO-DATE
> Task :feature:filters:createFullJarDebug UP-TO-DATE
> Task :core:network:mergeReleaseJavaResource UP-TO-DATE
> Task :core:network:generateDebugLintReportModel UP-TO-DATE
> Task :core:network:lintAnalyzeDebug UP-TO-DATE
> Task :core:network:preReleaseUnitTestBuild UP-TO-DATE
> Task :core:network:bundleLibCompileToJarDebug UP-TO-DATE
> Task :core:network:javaPreCompileDebugUnitTest UP-TO-DATE
> Task :feature:filters:syncDebugLibJars UP-TO-DATE
> Task :core:network:javaPreCompileReleaseUnitTest UP-TO-DATE
> Task :core:network:generateReleaseUnitTestStubRFile UP-TO-DATE
> Task :feature:filters:mergeDebugGeneratedProguardFiles UP-TO-DATE
> Task :core:security:bundleDebugAar UP-TO-DATE
> Task :core:security:assembleDebug UP-TO-DATE
> Task :core:security:bundleReleaseAar UP-TO-DATE
> Task :core:network:transformReleaseClassesWithAsm UP-TO-DATE
> Task :feature:filters:mergeDebugConsumerProguardFiles UP-TO-DATE
> Task :core:network:kspDebugUnitTestKotlin NO-SOURCE
> Task :core:security:mapReleaseSourceSetPaths UP-TO-DATE
> Task :core:network:lintAnalyzeDebugUnitTest UP-TO-DATE
> Task :core:network:compileDebugUnitTestKotlin NO-SOURCE
> Task :core:network:lintAnalyzeDebugAndroidTest UP-TO-DATE
> Task :core:security:generateDebugUnitTestStubRFile UP-TO-DATE
> Task :core:network:compileDebugUnitTestJavaWithJavac NO-SOURCE
> Task :core:security:mergeReleaseResources UP-TO-DATE
> Task :feature:filters:kspReleaseKotlin UP-TO-DATE
> Task :core:domain:compileDebugUnitTestKotlin UP-TO-DATE
> Task :feature:filters:bundleDebugLocalLintAar UP-TO-DATE
> Task :core:network:bundleLibRuntimeToJarRelease UP-TO-DATE
> Task :core:domain:compileDebugUnitTestJavaWithJavac NO-SOURCE
> Task :feature:filters:generateDebugLintModel UP-TO-DATE
> Task :core:network:mergeReleaseGeneratedProguardFiles UP-TO-DATE
> Task :core:security:generateDebugLintReportModel UP-TO-DATE
> Task :feature:filters:lintAnalyzeDebug UP-TO-DATE
> Task :core:network:mergeReleaseConsumerProguardFiles UP-TO-DATE
> Task :core:network:bundleLibCompileToJarRelease UP-TO-DATE
> Task :core:network:syncReleaseLibJars UP-TO-DATE
> Task :feature:filters:generateDebugAndroidTestLintModel UP-TO-DATE
> Task :core:security:kspDebugUnitTestKotlin NO-SOURCE
> Task :core:security:verifyReleaseResources UP-TO-DATE
> Task :core:security:assembleRelease UP-TO-DATE
> Task :core:security:assemble UP-TO-DATE
> Task :feature:filters:lintAnalyzeDebugAndroidTest UP-TO-DATE
> Task :feature:filters:generateDebugUnitTestLintModel UP-TO-DATE
> Task :core:security:compileDebugUnitTestKotlin NO-SOURCE
> Task :core:network:kspReleaseUnitTestKotlin NO-SOURCE
> Task :core:network:bundleReleaseAar UP-TO-DATE
> Task :core:security:preReleaseUnitTestBuild UP-TO-DATE
> Task :core:domain:kspReleaseUnitTestKotlin UP-TO-DATE
> Task :core:network:lintReportDebug UP-TO-DATE
> Task :core:network:assembleRelease UP-TO-DATE
> Task :feature:filters:lintAnalyzeDebugUnitTest UP-TO-DATE
> Task :core:network:assemble UP-TO-DATE
> Task :core:data:kspDebugKotlin UP-TO-DATE
> Task :core:security:lintReportDebug UP-TO-DATE
> Task :core:security:javaPreCompileDebugUnitTest UP-TO-DATE
> Task :core:network:hiltAggregateDepsDebugUnitTest UP-TO-DATE
> Task :core:security:javaPreCompileReleaseUnitTest UP-TO-DATE
> Task :core:testing:checkKotlinGradlePluginConfigurationErrors SKIPPED
> Task :core:testing:preBuild UP-TO-DATE
> Task :core:testing:preDebugBuild UP-TO-DATE
> Task :core:network:compileReleaseUnitTestKotlin NO-SOURCE
> Task :core:testing:prepareLintJarForPublish UP-TO-DATE
> Task :core:security:lintDebug
> Task :core:security:lint
> Task :core:security:compileDebugUnitTestJavaWithJavac NO-SOURCE
> Task :core:network:compileReleaseUnitTestJavaWithJavac NO-SOURCE
> Task :core:network:lintDebug
> Task :core:network:lint
> Task :core:testing:prepareDebugArtProfile UP-TO-DATE
> Task :core:testing:preReleaseBuild UP-TO-DATE
> Task :core:network:hiltJavaCompileDebugUnitTest NO-SOURCE
> Task :core:testing:generateDebugResValues UP-TO-DATE
> Task :feature:filters:compileReleaseKotlin UP-TO-DATE
> Task :core:testing:mergeDebugJniLibFolders UP-TO-DATE
> Task :core:testing:javaPreCompileDebug UP-TO-DATE
> Task :core:testing:mergeDebugNativeLibs NO-SOURCE
> Task :core:testing:stripDebugDebugSymbols NO-SOURCE
> Task :core:security:generateReleaseUnitTestStubRFile UP-TO-DATE
> Task :core:network:processDebugUnitTestJavaRes NO-SOURCE
> Task :core:testing:mergeDebugShaders UP-TO-DATE
> Task :core:testing:writeDebugAarMetadata UP-TO-DATE
> Task :feature:filters:processReleaseJavaRes UP-TO-DATE
> Task :core:testing:compileDebugShaders NO-SOURCE
> Task :core:testing:generateDebugAssets UP-TO-DATE
> Task :core:testing:copyDebugJniLibsProjectAndLocalJars UP-TO-DATE
> Task :core:testing:generateDebugResources UP-TO-DATE
> Task :core:testing:processDebugManifest UP-TO-DATE
> Task :core:testing:extractDeepLinksForAarDebug UP-TO-DATE
> Task :core:testing:mergeReleaseJniLibFolders UP-TO-DATE
> Task :core:testing:packageDebugAssets UP-TO-DATE
> Task :core:testing:generateReleaseResValues UP-TO-DATE
> Task :core:network:transformDebugUnitTestClassesWithAsm UP-TO-DATE
> Task :feature:filters:mergeReleaseJavaResource UP-TO-DATE
> Task :core:testing:mergeReleaseShaders UP-TO-DATE
> Task :core:testing:mergeReleaseNativeLibs NO-SOURCE
> Task :core:testing:javaPreCompileRelease UP-TO-DATE
> Task :core:security:kspReleaseUnitTestKotlin NO-SOURCE
> Task :core:testing:compileReleaseShaders NO-SOURCE
> Task :core:testing:stripReleaseDebugSymbols NO-SOURCE
> Task :core:testing:generateReleaseAssets UP-TO-DATE
> Task :core:testing:extractDeepLinksForAarRelease UP-TO-DATE
> Task :core:testing:generateReleaseResources UP-TO-DATE
> Task :core:network:testDebugUnitTest NO-SOURCE
> Task :core:testing:copyReleaseJniLibsProjectAndLocalJars UP-TO-DATE
> Task :core:testing:packageReleaseAssets UP-TO-DATE
> Task :core:testing:prepareReleaseArtProfile UP-TO-DATE
> Task :core:testing:writeReleaseAarMetadata UP-TO-DATE
> Task :core:security:compileReleaseUnitTestKotlin NO-SOURCE
> Task :core:testing:preDebugAndroidTestBuild UP-TO-DATE
> Task :core:security:compileReleaseUnitTestJavaWithJavac NO-SOURCE
> Task :core:testing:writeDebugLintModelMetadata UP-TO-DATE
> Task :core:testing:generateDebugAndroidTestResValues UP-TO-DATE
> Task :core:testing:preDebugUnitTestBuild UP-TO-DATE
> Task :core:testing:mapReleaseSourceSetPaths UP-TO-DATE
> Task :core:domain:hiltAggregateDepsDebugUnitTest UP-TO-DATE
> Task :feature:filters:compileReleaseJavaWithJavac UP-TO-DATE
> Task :core:testing:preReleaseUnitTestBuild UP-TO-DATE
> Task :core:testing:extractProguardFiles UP-TO-DATE
> Task :core:testing:packageDebugResources UP-TO-DATE
> Task :core:testing:javaPreCompileDebugUnitTest UP-TO-DATE
> Task :core:domain:hiltJavaCompileDebugUnitTest NO-SOURCE
> Task :core:network:hiltAggregateDepsReleaseUnitTest UP-TO-DATE
> Task :core:testing:processReleaseManifest UP-TO-DATE
> Task :core:testing:parseDebugLocalResources UP-TO-DATE
> Task :core:testing:packageReleaseResources UP-TO-DATE
> Task :core:testing:mergeReleaseResources UP-TO-DATE
> Task :core:domain:processDebugUnitTestJavaRes UP-TO-DATE
> Task :feature:filters:extractReleaseAnnotations UP-TO-DATE
> Task :core:network:hiltJavaCompileReleaseUnitTest NO-SOURCE
> Task :core:domain:compileReleaseUnitTestKotlin UP-TO-DATE
> Task :core:testing:javaPreCompileReleaseUnitTest UP-TO-DATE
> Task :core:network:processReleaseUnitTestJavaRes NO-SOURCE
> Task :core:testing:parseReleaseLocalResources UP-TO-DATE
> Task :core:domain:compileReleaseUnitTestJavaWithJavac NO-SOURCE
> Task :feature:filters:transformReleaseClassesWithAsm UP-TO-DATE
> Task :core:data:compileDebugKotlin UP-TO-DATE
> Task :core:security:hiltAggregateDepsDebugUnitTest UP-TO-DATE
> Task :core:ui:bundleDebugAar UP-TO-DATE
> Task :core:testing:generateDebugRFile UP-TO-DATE
> Task :core:ui:bundleReleaseAar UP-TO-DATE
> Task :core:security:hiltAggregateDepsReleaseUnitTest UP-TO-DATE
> Task :core:testing:verifyReleaseResources UP-TO-DATE
> Task :core:domain:transformDebugUnitTestClassesWithAsm UP-TO-DATE
> Task :core:data:processDebugJavaRes UP-TO-DATE
> Task :core:security:hiltJavaCompileDebugUnitTest NO-SOURCE
> Task :feature:filters:bundleLibRuntimeToJarRelease UP-TO-DATE
> Task :feature:filters:bundleLibCompileToJarRelease UP-TO-DATE
> Task :core:testing:generateReleaseRFile UP-TO-DATE
> Task :core:security:processDebugUnitTestJavaRes NO-SOURCE
> Task :core:network:transformReleaseUnitTestClassesWithAsm UP-TO-DATE
> Task :feature:filters:createFullJarRelease UP-TO-DATE
> Task :feature:filters:generateReleaseLintModel UP-TO-DATE
> Task :core:security:hiltJavaCompileReleaseUnitTest NO-SOURCE
> Task :core:data:mergeDebugJavaResource UP-TO-DATE
> Task :core:testing:compileDebugKotlin NO-SOURCE
> Task :feature:filters:generateReleaseLintVitalModel UP-TO-DATE
> Task :feature:filters:mergeReleaseGeneratedProguardFiles UP-TO-DATE
> Task :core:security:processReleaseUnitTestJavaRes NO-SOURCE
> Task :core:testing:compileReleaseKotlin NO-SOURCE
> Task :core:network:testReleaseUnitTest NO-SOURCE
> Task :core:network:test UP-TO-DATE
> Task :feature:filters:mergeReleaseConsumerProguardFiles UP-TO-DATE
> Task :core:network:check
> Task :feature:filters:exportReleaseConsumerProguardFiles UP-TO-DATE
> Task :core:network:build
> Task :core:data:compileDebugJavaWithJavac UP-TO-DATE
> Task :feature:filters:syncReleaseLibJars UP-TO-DATE
> Task :core:testing:compileDebugJavaWithJavac NO-SOURCE
> Task :feature:filters:lintVitalAnalyzeRelease UP-TO-DATE
> Task :core:testing:mergeDebugGeneratedProguardFiles UP-TO-DATE
> Task :core:testing:generateDebugUnitTestStubRFile UP-TO-DATE
> Task :core:testing:extractDebugAnnotations UP-TO-DATE
> Task :core:testing:processDebugJavaRes NO-SOURCE
> Task :core:testing:extractReleaseAnnotations UP-TO-DATE
> Task :core:testing:mergeDebugConsumerProguardFiles UP-TO-DATE
> Task :core:testing:processReleaseJavaRes NO-SOURCE
> Task :core:security:transformDebugUnitTestClassesWithAsm UP-TO-DATE
> Task :feature:filters:bundleReleaseLocalLintAar UP-TO-DATE
> Task :core:testing:compileReleaseJavaWithJavac NO-SOURCE
> Task :core:security:transformReleaseUnitTestClassesWithAsm UP-TO-DATE
> Task :core:domain:testDebugUnitTest UP-TO-DATE
> Task :core:testing:bundleLibRuntimeToJarDebug UP-TO-DATE
> Task :core:testing:mergeDebugJavaResource UP-TO-DATE
> Task :core:data:kspReleaseKotlin UP-TO-DATE
> Task :core:security:testDebugUnitTest NO-SOURCE
> Task :core:security:testReleaseUnitTest NO-SOURCE
> Task :core:testing:createFullJarDebug UP-TO-DATE
> Task :core:security:test UP-TO-DATE
> Task :core:security:check
> Task :core:security:build
> Task :core:testing:bundleLibCompileToJarDebug UP-TO-DATE
> Task :core:testing:mergeReleaseJavaResource UP-TO-DATE
> Task :core:testing:bundleLibRuntimeToJarRelease UP-TO-DATE
> Task :core:testing:syncDebugLibJars UP-TO-DATE
> Task :core:testing:mergeReleaseGeneratedProguardFiles UP-TO-DATE
> Task :core:testing:bundleLibCompileToJarRelease UP-TO-DATE
> Task :core:ui:assembleDebug UP-TO-DATE
> Task :core:testing:mergeReleaseConsumerProguardFiles UP-TO-DATE
> Task :core:testing:compileDebugUnitTestKotlin NO-SOURCE
> Task :core:testing:generateReleaseUnitTestStubRFile UP-TO-DATE
> Task :core:testing:bundleDebugLocalLintAar UP-TO-DATE
> Task :core:testing:bundleDebugAar UP-TO-DATE
> Task :core:testing:assembleDebug UP-TO-DATE
> Task :core:testing:syncReleaseLibJars UP-TO-DATE
> Task :core:testing:bundleReleaseAar UP-TO-DATE
> Task :core:testing:assembleRelease UP-TO-DATE
> Task :core:testing:assemble UP-TO-DATE
> Task :core:testing:generateDebugLintReportModel UP-TO-DATE
> Task :core:testing:compileDebugUnitTestJavaWithJavac NO-SOURCE
> Task :core:testing:generateDebugUnitTestLintModel UP-TO-DATE
> Task :core:domain:hiltAggregateDepsReleaseUnitTest UP-TO-DATE
> Task :core:testing:processDebugUnitTestJavaRes NO-SOURCE
> Task :core:testing:generateDebugAndroidTestLintModel UP-TO-DATE
> Task :core:domain:hiltJavaCompileReleaseUnitTest NO-SOURCE
> Task :core:testing:testDebugUnitTest NO-SOURCE
> Task :core:data:transformDebugClassesWithAsm UP-TO-DATE
> Task :core:testing:lintAnalyzeDebug UP-TO-DATE
> Task :core:ui:mapReleaseSourceSetPaths UP-TO-DATE
> Task :core:testing:compileReleaseUnitTestKotlin NO-SOURCE
> Task :core:testing:lintAnalyzeDebugUnitTest UP-TO-DATE
> Task :core:domain:processReleaseUnitTestJavaRes UP-TO-DATE
> Task :core:testing:lintAnalyzeDebugAndroidTest UP-TO-DATE
> Task :core:ui:mergeReleaseResources UP-TO-DATE
> Task :core:data:extractDebugAnnotations UP-TO-DATE
> Task :core:data:bundleLibRuntimeToJarDebug UP-TO-DATE
> Task :core:data:bundleLibRuntimeToDirDebug UP-TO-DATE
> Task :core:data:bundleLibCompileToJarDebug UP-TO-DATE
> Task :core:ui:generateDebugLintReportModel UP-TO-DATE
> Task :core:ui:generateDebugUnitTestStubRFile UP-TO-DATE
> Task :core:data:syncDebugLibJars UP-TO-DATE
> Task :core:domain:transformReleaseUnitTestClassesWithAsm UP-TO-DATE
> Task :core:data:mergeDebugGeneratedProguardFiles UP-TO-DATE
> Task :core:data:createFullJarDebug UP-TO-DATE
> Task :core:data:mergeDebugConsumerProguardFiles UP-TO-DATE
> Task :core:testing:compileReleaseUnitTestJavaWithJavac NO-SOURCE
> Task :core:testing:processReleaseUnitTestJavaRes NO-SOURCE
> Task :core:data:kspDebugUnitTestKotlin NO-SOURCE
> Task :core:data:bundleDebugAar UP-TO-DATE
> Task :core:data:compileReleaseKotlin UP-TO-DATE
> Task :core:data:bundleDebugLocalLintAar UP-TO-DATE
> Task :core:testing:testReleaseUnitTest NO-SOURCE
> Task :core:data:processReleaseJavaRes UP-TO-DATE
> Task :core:data:mergeReleaseJavaResource UP-TO-DATE
> Task :core:domain:testReleaseUnitTest UP-TO-DATE
> Task :core:data:compileReleaseJavaWithJavac UP-TO-DATE
> Task :core:data:assembleDebug UP-TO-DATE
> Task :core:testing:lintReportDebug UP-TO-DATE
> Task :core:data:generateDebugUnitTestLintModel UP-TO-DATE
> Task :core:data:generateDebugAndroidTestLintModel UP-TO-DATE
> Task :core:data:generateDebugLintModel UP-TO-DATE
> Task :core:domain:test UP-TO-DATE
> Task :core:domain:check
> Task :core:domain:build
> Task :core:data:transformReleaseClassesWithAsm UP-TO-DATE
> Task :core:data:compileDebugUnitTestKotlin NO-SOURCE
> Task :core:testing:lintDebug
> Task :core:data:bundleLibCompileToJarRelease UP-TO-DATE
> Task :core:data:bundleLibRuntimeToJarRelease UP-TO-DATE
> Task :core:data:lintAnalyzeDebugAndroidTest UP-TO-DATE
> Task :core:data:lintAnalyzeDebugUnitTest UP-TO-DATE
> Task :core:data:lintAnalyzeDebug UP-TO-DATE
> Task :core:data:generateDebugLintReportModel UP-TO-DATE
> Task :core:data:mergeReleaseGeneratedProguardFiles UP-TO-DATE
> Task :core:data:createFullJarRelease UP-TO-DATE
> Task :core:data:mergeReleaseConsumerProguardFiles UP-TO-DATE
> Task :core:data:exportReleaseConsumerProguardFiles UP-TO-DATE
> Task :core:data:compileDebugUnitTestJavaWithJavac NO-SOURCE
> Task :core:data:lintReportDebug UP-TO-DATE
> Task :core:data:extractReleaseAnnotations UP-TO-DATE
> Task :core:data:generateReleaseLintModel UP-TO-DATE
> Task :core:data:lintDebug
> Task :core:data:lint
> Task :core:testing:lint
> Task :core:testing:test UP-TO-DATE
> Task :core:testing:check
> Task :core:testing:build
> Task :core:data:syncReleaseLibJars UP-TO-DATE
> Task :core:data:lintVitalAnalyzeRelease UP-TO-DATE
> Task :core:data:kspReleaseUnitTestKotlin NO-SOURCE
> Task :core:data:bundleReleaseAar UP-TO-DATE
> Task :core:data:bundleReleaseLocalLintAar UP-TO-DATE
> Task :core:data:generateReleaseLintVitalModel UP-TO-DATE
> Task :core:data:assembleRelease UP-TO-DATE
> Task :core:data:assemble UP-TO-DATE
> Task :core:data:compileReleaseUnitTestKotlin NO-SOURCE
> Task :core:ui:compileDebugUnitTestKotlin NO-SOURCE
> Task :core:ui:javaPreCompileDebugUnitTest UP-TO-DATE
> Task :core:data:compileReleaseUnitTestJavaWithJavac NO-SOURCE
> Task :core:ui:processDebugUnitTestJavaRes NO-SOURCE
> Task :core:ui:verifyReleaseResources UP-TO-DATE
> Task :core:ui:preReleaseUnitTestBuild UP-TO-DATE
> Task :core:ui:assembleRelease UP-TO-DATE
> Task :core:ui:assemble UP-TO-DATE
> Task :core:ui:compileDebugUnitTestJavaWithJavac NO-SOURCE
> Task :core:ui:javaPreCompileReleaseUnitTest UP-TO-DATE
> Task :core:ui:testDebugUnitTest NO-SOURCE
> Task :core:ui:generateReleaseUnitTestStubRFile UP-TO-DATE
> Task :core:ui:compileReleaseUnitTestKotlin NO-SOURCE
> Task :core:ui:lintReportDebug UP-TO-DATE
> Task :core:ui:lintDebug
> Task :core:ui:lint
> Task :core:ui:compileReleaseUnitTestJavaWithJavac NO-SOURCE
> Task :core:ui:processReleaseUnitTestJavaRes NO-SOURCE
> Task :core:ui:testReleaseUnitTest NO-SOURCE
> Task :core:ui:test UP-TO-DATE
> Task :core:ui:check
> Task :core:ui:build
> Task :feature:ar:mapReleaseSourceSetPaths UP-TO-DATE
> Task :feature:ar:preReleaseUnitTestBuild UP-TO-DATE
> Task :feature:ar:javaPreCompileDebugUnitTest UP-TO-DATE
> Task :feature:ar:mergeReleaseResources UP-TO-DATE
> Task :feature:ar:javaPreCompileReleaseUnitTest UP-TO-DATE
> Task :feature:vault:kspDebugKotlin UP-TO-DATE
> Task :feature:ar:generateDebugUnitTestStubRFile UP-TO-DATE
> Task :feature:ar:generateReleaseUnitTestStubRFile UP-TO-DATE
> Task :feature:onboarding:kspDebugKotlin UP-TO-DATE
> Task :feature:pet:kspDebugKotlin UP-TO-DATE
> Task :feature:capture:mapReleaseSourceSetPaths UP-TO-DATE
> Task :feature:capture:mergeReleaseResources UP-TO-DATE
> Task :feature:ar:verifyReleaseResources UP-TO-DATE
> Task :feature:capture:preReleaseUnitTestBuild UP-TO-DATE
> Task :feature:capture:javaPreCompileDebugUnitTest UP-TO-DATE
> Task :feature:capture:javaPreCompileReleaseUnitTest UP-TO-DATE
> Task :feature:filters:bundleDebugAar UP-TO-DATE
> Task :feature:capture:generateReleaseUnitTestStubRFile UP-TO-DATE
> Task :feature:filters:assembleDebug UP-TO-DATE
> Task :feature:capture:generateDebugUnitTestStubRFile UP-TO-DATE
> Task :feature:filters:bundleReleaseAar UP-TO-DATE
> Task :feature:parental:kspDebugKotlin UP-TO-DATE
> Task :feature:onboarding:kspReleaseKotlin UP-TO-DATE
> Task :feature:filters:mapReleaseSourceSetPaths UP-TO-DATE
> Task :feature:filters:mergeReleaseResources UP-TO-DATE
> Task :feature:vault:kspReleaseKotlin UP-TO-DATE
> Task :feature:capture:verifyReleaseResources UP-TO-DATE
> Task :feature:filters:generateDebugUnitTestStubRFile UP-TO-DATE
> Task :feature:filters:verifyReleaseResources UP-TO-DATE
> Task :feature:filters:assembleRelease UP-TO-DATE
> Task :feature:filters:assemble UP-TO-DATE
> Task :feature:filters:preReleaseUnitTestBuild UP-TO-DATE
> Task :feature:onboarding:compileDebugKotlin UP-TO-DATE
> Task :feature:filters:javaPreCompileDebugUnitTest UP-TO-DATE
> Task :feature:filters:generateDebugLintReportModel UP-TO-DATE
> Task :feature:filters:generateReleaseUnitTestStubRFile UP-TO-DATE
> Task :feature:filters:kspDebugUnitTestKotlin NO-SOURCE
> Task :core:data:hiltAggregateDepsReleaseUnitTest UP-TO-DATE
> Task :feature:vault:compileDebugKotlin UP-TO-DATE
> Task :feature:filters:compileDebugUnitTestKotlin NO-SOURCE
> Task :core:data:hiltAggregateDepsDebugUnitTest UP-TO-DATE
> Task :feature:pet:compileDebugKotlin UP-TO-DATE
> Task :feature:onboarding:processDebugJavaRes UP-TO-DATE
> Task :core:data:hiltJavaCompileDebugUnitTest NO-SOURCE
> Task :feature:vault:processDebugJavaRes UP-TO-DATE
> Task :feature:pet:kspReleaseKotlin UP-TO-DATE
> Task :feature:pet:processDebugJavaRes UP-TO-DATE
> Task :feature:onboarding:compileDebugJavaWithJavac UP-TO-DATE
> Task :feature:parental:kspReleaseKotlin UP-TO-DATE
> Task :feature:vault:compileDebugJavaWithJavac UP-TO-DATE
> Task :feature:pet:mergeDebugJavaResource UP-TO-DATE
> Task :feature:vault:mergeDebugJavaResource UP-TO-DATE
> Task :feature:filters:lintReportDebug UP-TO-DATE
> Task :feature:vault:compileReleaseKotlin UP-TO-DATE
> Task :feature:onboarding:mergeDebugJavaResource UP-TO-DATE
> Task :feature:pet:compileDebugJavaWithJavac UP-TO-DATE
> Task :feature:onboarding:compileReleaseKotlin UP-TO-DATE
> Task :feature:ar:kspReleaseKotlin UP-TO-DATE
> Task :feature:parental:compileDebugKotlin UP-TO-DATE
> Task :feature:vault:processReleaseJavaRes UP-TO-DATE
> Task :feature:ar:kspDebugKotlin UP-TO-DATE
> Task :feature:parental:processDebugJavaRes UP-TO-DATE
> Task :feature:onboarding:extractDebugAnnotations UP-TO-DATE
> Task :feature:vault:mergeReleaseJavaResource UP-TO-DATE
> Task :feature:vault:compileReleaseJavaWithJavac UP-TO-DATE
> Task :feature:onboarding:compileReleaseJavaWithJavac UP-TO-DATE
> Task :feature:parental:compileDebugJavaWithJavac UP-TO-DATE
> Task :feature:vault:extractDebugAnnotations UP-TO-DATE
> Task :feature:onboarding:transformDebugClassesWithAsm UP-TO-DATE
> Task :feature:vault:transformDebugClassesWithAsm UP-TO-DATE
> Task :feature:pet:extractDebugAnnotations UP-TO-DATE
> Task :feature:vault:transformReleaseClassesWithAsm UP-TO-DATE
> Task :feature:onboarding:transformReleaseClassesWithAsm UP-TO-DATE
> Task :feature:onboarding:bundleLibCompileToJarDebug UP-TO-DATE
> Task :feature:onboarding:bundleLibRuntimeToJarDebug UP-TO-DATE
> Task :feature:onboarding:bundleLibCompileToJarRelease UP-TO-DATE
> Task :feature:onboarding:bundleLibRuntimeToDirDebug UP-TO-DATE
> Task :feature:vault:bundleLibCompileToJarDebug UP-TO-DATE
> Task :feature:vault:bundleLibRuntimeToJarDebug UP-TO-DATE
> Task :feature:vault:bundleLibRuntimeToDirDebug UP-TO-DATE
> Task :feature:onboarding:bundleLibRuntimeToJarRelease UP-TO-DATE
> Task :feature:pet:compileReleaseKotlin UP-TO-DATE
> Task :feature:vault:bundleLibCompileToJarRelease UP-TO-DATE
> Task :feature:vault:bundleLibRuntimeToJarRelease UP-TO-DATE
> Task :feature:vault:extractReleaseAnnotations UP-TO-DATE
> Task :feature:onboarding:extractReleaseAnnotations UP-TO-DATE
> Task :feature:vault:createFullJarRelease UP-TO-DATE
> Task :feature:pet:processReleaseJavaRes UP-TO-DATE
> Task :feature:parental:compileReleaseKotlin UP-TO-DATE
> Task :feature:pet:transformDebugClassesWithAsm UP-TO-DATE
> Task :feature:pet:mergeReleaseJavaResource UP-TO-DATE
> Task :feature:vault:mergeReleaseGeneratedProguardFiles UP-TO-DATE
> Task :feature:parental:processReleaseJavaRes UP-TO-DATE
> Task :feature:pet:compileReleaseJavaWithJavac UP-TO-DATE
> Task :feature:vault:syncReleaseLibJars UP-TO-DATE
> Task :feature:pet:bundleLibCompileToJarDebug UP-TO-DATE
> Task :feature:pet:bundleLibRuntimeToJarDebug UP-TO-DATE
> Task :feature:pet:bundleLibRuntimeToDirDebug UP-TO-DATE
> Task :feature:vault:mergeReleaseConsumerProguardFiles UP-TO-DATE
> Task :feature:vault:bundleReleaseLocalLintAar UP-TO-DATE
> Task :feature:parental:compileReleaseJavaWithJavac UP-TO-DATE
> Task :feature:parental:transformDebugClassesWithAsm UP-TO-DATE
> Task :feature:parental:mergeReleaseJavaResource UP-TO-DATE
> Task :feature:ar:compileDebugKotlin UP-TO-DATE
> Task :feature:pet:transformReleaseClassesWithAsm UP-TO-DATE
> Task :feature:ar:processDebugJavaRes UP-TO-DATE
> Task :feature:pet:extractReleaseAnnotations UP-TO-DATE
> Task :feature:pet:bundleLibCompileToJarRelease UP-TO-DATE
> Task :feature:onboarding:processReleaseJavaRes UP-TO-DATE
> Task :feature:pet:bundleLibRuntimeToJarRelease UP-TO-DATE
> Task :feature:parental:bundleLibCompileToJarDebug UP-TO-DATE
> Task :feature:parental:bundleLibRuntimeToJarDebug UP-TO-DATE
> Task :feature:parental:bundleLibRuntimeToDirDebug UP-TO-DATE
> Task :feature:pet:createFullJarRelease UP-TO-DATE
> Task :feature:onboarding:createFullJarRelease UP-TO-DATE
> Task :feature:ar:compileDebugJavaWithJavac UP-TO-DATE
> Task :feature:onboarding:mergeReleaseJavaResource UP-TO-DATE
> Task :feature:parental:transformReleaseClassesWithAsm UP-TO-DATE
> Task :feature:pet:syncReleaseLibJars UP-TO-DATE
> Task :feature:onboarding:mergeReleaseGeneratedProguardFiles UP-TO-DATE
> Task :feature:onboarding:mergeReleaseConsumerProguardFiles UP-TO-DATE
> Task :feature:pet:mergeReleaseGeneratedProguardFiles UP-TO-DATE
> Task :feature:parental:bundleLibCompileToJarRelease UP-TO-DATE
> Task :feature:parental:bundleLibRuntimeToJarRelease UP-TO-DATE
> Task :feature:pet:mergeReleaseConsumerProguardFiles UP-TO-DATE
> Task :feature:parental:createFullJarRelease UP-TO-DATE
> Task :feature:onboarding:syncReleaseLibJars UP-TO-DATE
> Task :feature:parental:mergeReleaseGeneratedProguardFiles UP-TO-DATE
> Task :feature:pet:bundleReleaseLocalLintAar UP-TO-DATE
> Task :feature:parental:mergeReleaseConsumerProguardFiles UP-TO-DATE
> Task :feature:onboarding:bundleReleaseLocalLintAar UP-TO-DATE
> Task :feature:ar:compileReleaseKotlin UP-TO-DATE
> Task :feature:onboarding:generateDebugLintModel UP-TO-DATE
> Task :feature:ar:processReleaseJavaRes UP-TO-DATE
> Task :feature:parental:extractReleaseAnnotations UP-TO-DATE
> Task :feature:ar:mergeReleaseJavaResource UP-TO-DATE
> Task :feature:ar:transformDebugClassesWithAsm UP-TO-DATE
> Task :feature:onboarding:generateReleaseLintVitalModel UP-TO-DATE
> Task :feature:vault:generateReleaseLintVitalModel UP-TO-DATE
> Task :feature:ar:bundleLibCompileToJarDebug UP-TO-DATE
> Task :feature:onboarding:lintVitalAnalyzeRelease UP-TO-DATE
> Task :feature:ar:bundleLibRuntimeToJarDebug UP-TO-DATE
> Task :feature:ar:compileReleaseJavaWithJavac UP-TO-DATE
> Task :feature:ar:bundleLibRuntimeToDirDebug UP-TO-DATE
> Task :feature:parental:syncReleaseLibJars UP-TO-DATE
> Task :feature:parental:bundleReleaseLocalLintAar UP-TO-DATE
> Task :feature:vault:lintVitalAnalyzeRelease UP-TO-DATE
> Task :feature:pet:generateReleaseLintModel UP-TO-DATE
> Task :feature:vault:exportReleaseConsumerProguardFiles UP-TO-DATE
> Task :feature:pet:exportReleaseConsumerProguardFiles UP-TO-DATE
> Task :feature:pet:generateReleaseLintVitalModel UP-TO-DATE
> Task :feature:parental:exportReleaseConsumerProguardFiles UP-TO-DATE
> Task :feature:ar:extractReleaseAnnotations UP-TO-DATE
> Task :feature:onboarding:exportReleaseConsumerProguardFiles UP-TO-DATE
> Task :feature:ar:mergeDebugJavaResource UP-TO-DATE
> Task :feature:ar:transformReleaseClassesWithAsm UP-TO-DATE
> Task :feature:ar:mergeDebugGeneratedProguardFiles UP-TO-DATE
> Task :feature:pet:syncDebugLibJars UP-TO-DATE
> Task :feature:pet:mergeDebugGeneratedProguardFiles UP-TO-DATE
> Task :feature:vault:mergeDebugGeneratedProguardFiles UP-TO-DATE
> Task :feature:ar:bundleLibRuntimeToJarRelease UP-TO-DATE
> Task :feature:ar:bundleLibCompileToJarRelease UP-TO-DATE
> Task :feature:pet:lintVitalAnalyzeRelease UP-TO-DATE
> Task :feature:ar:mergeDebugConsumerProguardFiles UP-TO-DATE
> Task :feature:pet:mergeDebugConsumerProguardFiles UP-TO-DATE
> Task :feature:vault:mergeDebugConsumerProguardFiles UP-TO-DATE
> Task :feature:ar:mergeReleaseGeneratedProguardFiles UP-TO-DATE
> Task :feature:ar:mergeReleaseConsumerProguardFiles UP-TO-DATE
> Task :feature:ar:exportReleaseConsumerProguardFiles UP-TO-DATE
> Task :feature:onboarding:generateReleaseLintModel UP-TO-DATE
> Task :feature:ar:syncReleaseLibJars UP-TO-DATE
> Task :feature:ar:createFullJarRelease UP-TO-DATE
> Task :feature:pet:bundleDebugLocalLintAar UP-TO-DATE
> Task :feature:vault:syncDebugLibJars UP-TO-DATE
> Task :feature:ar:bundleReleaseLocalLintAar UP-TO-DATE
> Task :feature:parental:mergeDebugGeneratedProguardFiles UP-TO-DATE
> Task :feature:onboarding:mergeDebugGeneratedProguardFiles UP-TO-DATE
> Task :feature:vault:bundleDebugLocalLintAar UP-TO-DATE
> Task :feature:vault:generateReleaseLintModel UP-TO-DATE
> Task :feature:ar:extractDebugAnnotations UP-TO-DATE
> Task :feature:onboarding:mergeDebugConsumerProguardFiles UP-TO-DATE
> Task :feature:parental:mergeDebugConsumerProguardFiles UP-TO-DATE
> Task :feature:parental:mergeDebugJavaResource UP-TO-DATE
> Task :feature:onboarding:createFullJarDebug UP-TO-DATE
> Task :feature:ar:createFullJarDebug UP-TO-DATE
> Task :feature:parental:createFullJarDebug UP-TO-DATE
> Task :feature:pet:createFullJarDebug UP-TO-DATE
> Task :feature:onboarding:syncDebugLibJars UP-TO-DATE
> Task :feature:vault:createFullJarDebug UP-TO-DATE
> Task :feature:ar:syncDebugLibJars UP-TO-DATE
> Task :feature:onboarding:bundleDebugLocalLintAar UP-TO-DATE
> Task :feature:ar:bundleDebugLocalLintAar UP-TO-DATE
> Task :feature:parental:lintVitalAnalyzeRelease UP-TO-DATE
> Task :feature:parental:generateReleaseLintModel UP-TO-DATE
> Task :feature:ar:lintVitalAnalyzeRelease UP-TO-DATE
> Task :feature:parental:extractDebugAnnotations UP-TO-DATE
> Task :feature:ar:generateReleaseLintVitalModel UP-TO-DATE
> Task :feature:parental:generateReleaseLintVitalModel UP-TO-DATE
> Task :feature:ar:generateReleaseLintModel UP-TO-DATE
> Task :feature:ar:generateDebugLintModel UP-TO-DATE
> Task :feature:parental:syncDebugLibJars UP-TO-DATE
> Task :feature:vault:generateDebugLintModel UP-TO-DATE
> Task :feature:parental:generateDebugLintModel UP-TO-DATE
> Task :feature:ar:lintAnalyzeDebug UP-TO-DATE
> Task :feature:pet:generateDebugLintModel UP-TO-DATE
> Task :feature:parental:lintAnalyzeDebug UP-TO-DATE
> Task :feature:onboarding:lintAnalyzeDebug UP-TO-DATE
> Task :feature:ar:generateDebugAndroidTestLintModel UP-TO-DATE
> Task :feature:parental:bundleDebugLocalLintAar UP-TO-DATE
> Task :feature:onboarding:generateDebugUnitTestLintModel UP-TO-DATE
> Task :feature:onboarding:generateDebugAndroidTestLintModel UP-TO-DATE
> Task :feature:vault:lintAnalyzeDebug UP-TO-DATE
> Task :core:data:processDebugUnitTestJavaRes NO-SOURCE
> Task :feature:ar:generateDebugUnitTestLintModel UP-TO-DATE
> Task :core:data:hiltJavaCompileReleaseUnitTest NO-SOURCE
> Task :feature:ar:lintAnalyzeDebugAndroidTest UP-TO-DATE
> Task :feature:pet:generateDebugUnitTestLintModel UP-TO-DATE
> Task :feature:pet:lintAnalyzeDebug UP-TO-DATE
> Task :feature:capture:kspDebugKotlin UP-TO-DATE
> Task :feature:pet:generateDebugAndroidTestLintModel UP-TO-DATE
> Task :core:data:processReleaseUnitTestJavaRes NO-SOURCE
> Task :feature:ar:bundleDebugAar UP-TO-DATE
> Task :feature:ar:assembleDebug UP-TO-DATE
> Task :feature:vault:generateDebugUnitTestLintModel UP-TO-DATE
> Task :feature:ar:bundleReleaseAar UP-TO-DATE
> Task :feature:ar:assembleRelease UP-TO-DATE
> Task :feature:ar:assemble UP-TO-DATE
> Task :core:data:transformDebugUnitTestClassesWithAsm UP-TO-DATE
> Task :feature:vault:generateDebugAndroidTestLintModel UP-TO-DATE
> Task :feature:onboarding:lintAnalyzeDebugUnitTest UP-TO-DATE
> Task :core:data:testDebugUnitTest NO-SOURCE
> Task :feature:ar:lintAnalyzeDebugUnitTest UP-TO-DATE
> Task :feature:filters:lintDebug
> Task :feature:onboarding:lintAnalyzeDebugAndroidTest UP-TO-DATE
> Task :feature:filters:lint
> Task :feature:filters:compileDebugUnitTestJavaWithJavac NO-SOURCE
> Task :feature:ar:kspDebugUnitTestKotlin NO-SOURCE
> Task :feature:ar:kspReleaseUnitTestKotlin NO-SOURCE
> Task :core:data:transformReleaseUnitTestClassesWithAsm UP-TO-DATE
> Task :feature:parental:generateDebugUnitTestLintModel UP-TO-DATE
> Task :feature:ar:compileDebugUnitTestKotlin NO-SOURCE
> Task :feature:filters:kspReleaseUnitTestKotlin NO-SOURCE
> Task :feature:ar:compileDebugUnitTestJavaWithJavac NO-SOURCE
> Task :core:data:testReleaseUnitTest NO-SOURCE
> Task :core:data:test UP-TO-DATE
> Task :core:data:check
> Task :core:data:build
> Task :feature:pet:lintAnalyzeDebugUnitTest UP-TO-DATE
> Task :feature:filters:javaPreCompileReleaseUnitTest UP-TO-DATE
> Task :feature:parental:lintAnalyzeDebugAndroidTest UP-TO-DATE
> Task :feature:filters:compileReleaseUnitTestKotlin NO-SOURCE
> Task :feature:capture:kspReleaseKotlin UP-TO-DATE
> Task :feature:onboarding:bundleDebugAar UP-TO-DATE
> Task :feature:onboarding:bundleReleaseAar UP-TO-DATE
> Task :feature:onboarding:assembleDebug UP-TO-DATE
> Task :feature:filters:compileReleaseUnitTestJavaWithJavac NO-SOURCE
> Task :feature:capture:compileDebugKotlin UP-TO-DATE
> Task :feature:ar:generateDebugLintReportModel UP-TO-DATE
> Task :feature:parental:lintAnalyzeDebugUnitTest UP-TO-DATE
> Task :feature:capture:processDebugJavaRes UP-TO-DATE
> Task :feature:pet:lintAnalyzeDebugAndroidTest UP-TO-DATE
> Task :feature:parental:generateDebugAndroidTestLintModel UP-TO-DATE
> Task :feature:vault:lintAnalyzeDebugUnitTest UP-TO-DATE
> Task :feature:onboarding:mapReleaseSourceSetPaths UP-TO-DATE
> Task :feature:ar:compileReleaseUnitTestKotlin NO-SOURCE
> Task :feature:capture:compileDebugJavaWithJavac UP-TO-DATE
> Task :feature:capture:mergeDebugJavaResource UP-TO-DATE
> Task :feature:onboarding:preReleaseUnitTestBuild UP-TO-DATE
> Task :feature:onboarding:javaPreCompileDebugUnitTest UP-TO-DATE
> Task :feature:onboarding:mergeReleaseResources UP-TO-DATE
> Task :feature:ar:lintReportDebug UP-TO-DATE
> Task :feature:onboarding:generateReleaseUnitTestStubRFile UP-TO-DATE
> Task :feature:onboarding:generateDebugUnitTestStubRFile UP-TO-DATE
> Task :feature:ar:lintDebug
> Task :feature:ar:lint
> Task :feature:ar:compileReleaseUnitTestJavaWithJavac NO-SOURCE
> Task :feature:onboarding:generateDebugLintReportModel UP-TO-DATE
> Task :feature:onboarding:kspDebugUnitTestKotlin NO-SOURCE
> Task :feature:onboarding:kspReleaseUnitTestKotlin NO-SOURCE
> Task :feature:onboarding:javaPreCompileReleaseUnitTest UP-TO-DATE
> Task :feature:onboarding:compileReleaseUnitTestKotlin NO-SOURCE
> Task :feature:onboarding:compileDebugUnitTestKotlin NO-SOURCE
> Task :feature:capture:extractDebugAnnotations UP-TO-DATE
> Task :feature:vault:lintAnalyzeDebugAndroidTest UP-TO-DATE
> Task :feature:onboarding:compileReleaseUnitTestJavaWithJavac NO-SOURCE
> Task :feature:parental:bundleDebugAar UP-TO-DATE
> Task :feature:parental:assembleDebug UP-TO-DATE
> Task :feature:onboarding:compileDebugUnitTestJavaWithJavac NO-SOURCE
> Task :feature:parental:bundleReleaseAar UP-TO-DATE
> Task :feature:capture:transformDebugClassesWithAsm UP-TO-DATE
> Task :feature:onboarding:lintReportDebug UP-TO-DATE
> Task :feature:capture:bundleLibCompileToJarDebug UP-TO-DATE
> Task :feature:capture:compileReleaseKotlin UP-TO-DATE
> Task :feature:capture:bundleLibRuntimeToJarDebug UP-TO-DATE
> Task :feature:capture:bundleLibRuntimeToDirDebug UP-TO-DATE
> Task :app:mergeLibDexDebug UP-TO-DATE
> Task :feature:capture:processReleaseJavaRes UP-TO-DATE
> Task :feature:filters:hiltAggregateDepsReleaseUnitTest UP-TO-DATE
> Task :feature:capture:compileReleaseJavaWithJavac UP-TO-DATE
> Task :feature:parental:mapReleaseSourceSetPaths UP-TO-DATE
> Task :feature:onboarding:verifyReleaseResources UP-TO-DATE
> Task :feature:filters:hiltAggregateDepsDebugUnitTest UP-TO-DATE
> Task :feature:parental:generateDebugLintReportModel UP-TO-DATE
> Task :feature:capture:mergeReleaseJavaResource UP-TO-DATE
> Task :feature:parental:mergeReleaseResources UP-TO-DATE
> Task :feature:capture:createFullJarDebug UP-TO-DATE
> Task :feature:capture:syncDebugLibJars UP-TO-DATE
> Task :feature:capture:mergeDebugGeneratedProguardFiles UP-TO-DATE
> Task :feature:filters:hiltJavaCompileDebugUnitTest NO-SOURCE
> Task :feature:capture:kspDebugUnitTestKotlin NO-SOURCE
> Task :feature:capture:mergeDebugConsumerProguardFiles UP-TO-DATE
> Task :feature:filters:processDebugUnitTestJavaRes NO-SOURCE
> Task :feature:capture:compileDebugUnitTestKotlin NO-SOURCE
> Task :feature:capture:compileDebugUnitTestJavaWithJavac NO-SOURCE
> Task :feature:capture:bundleDebugAar UP-TO-DATE
> Task :feature:capture:assembleDebug UP-TO-DATE
> Task :feature:capture:transformReleaseClassesWithAsm UP-TO-DATE
> Task :feature:capture:generateDebugLintModel UP-TO-DATE
> Task :feature:capture:generateDebugLintReportModel UP-TO-DATE
> Task :feature:capture:bundleLibRuntimeToJarRelease UP-TO-DATE
> Task :feature:capture:bundleLibCompileToJarRelease UP-TO-DATE
> Task :feature:capture:mergeReleaseGeneratedProguardFiles UP-TO-DATE
> Task :feature:capture:lintAnalyzeDebug UP-TO-DATE
> Task :feature:ar:hiltAggregateDepsDebugUnitTest UP-TO-DATE
> Task :feature:capture:bundleDebugLocalLintAar UP-TO-DATE
> Task :feature:capture:exportReleaseConsumerProguardFiles UP-TO-DATE
> Task :feature:capture:mergeReleaseConsumerProguardFiles UP-TO-DATE
> Task :feature:capture:createFullJarRelease UP-TO-DATE
> Task :feature:ar:hiltAggregateDepsReleaseUnitTest UP-TO-DATE
> Task :feature:capture:extractReleaseAnnotations UP-TO-DATE
> Task :feature:ar:hiltJavaCompileDebugUnitTest NO-SOURCE
> Task :feature:filters:transformDebugUnitTestClassesWithAsm UP-TO-DATE
> Task :feature:capture:lintVitalAnalyzeRelease UP-TO-DATE
> Task :feature:ar:processDebugUnitTestJavaRes NO-SOURCE
> Task :feature:ar:hiltJavaCompileReleaseUnitTest NO-SOURCE
> Task :feature:onboarding:hiltAggregateDepsDebugUnitTest UP-TO-DATE
> Task :feature:ar:processReleaseUnitTestJavaRes NO-SOURCE
> Task :feature:capture:generateReleaseLintVitalModel UP-TO-DATE
> Task :feature:capture:kspReleaseUnitTestKotlin NO-SOURCE
> Task :feature:onboarding:assembleRelease UP-TO-DATE
> Task :feature:onboarding:assemble UP-TO-DATE
> Task :feature:filters:testDebugUnitTest NO-SOURCE
> Task :feature:capture:generateReleaseLintModel UP-TO-DATE
> Task :feature:capture:generateDebugAndroidTestLintModel UP-TO-DATE
> Task :feature:onboarding:hiltAggregateDepsReleaseUnitTest UP-TO-DATE
> Task :feature:filters:hiltJavaCompileReleaseUnitTest NO-SOURCE
> Task :feature:capture:compileReleaseUnitTestKotlin NO-SOURCE
> Task :feature:onboarding:lintDebug
> Task :feature:onboarding:lint
> Task :feature:onboarding:hiltJavaCompileDebugUnitTest NO-SOURCE
> Task :feature:onboarding:hiltJavaCompileReleaseUnitTest NO-SOURCE
> Task :feature:filters:processReleaseUnitTestJavaRes NO-SOURCE
> Task :feature:capture:compileReleaseUnitTestJavaWithJavac NO-SOURCE
> Task :feature:onboarding:processDebugUnitTestJavaRes NO-SOURCE
> Task :feature:capture:syncReleaseLibJars UP-TO-DATE
> Task :feature:onboarding:processReleaseUnitTestJavaRes NO-SOURCE
> Task :feature:capture:lintAnalyzeDebugAndroidTest UP-TO-DATE
> Task :feature:capture:bundleReleaseAar UP-TO-DATE
> Task :feature:capture:bundleReleaseLocalLintAar UP-TO-DATE
> Task :feature:capture:assembleRelease UP-TO-DATE
> Task :feature:capture:assemble UP-TO-DATE
> Task :feature:ar:transformDebugUnitTestClassesWithAsm UP-TO-DATE
> Task :feature:parental:preReleaseUnitTestBuild UP-TO-DATE
> Task :feature:parental:javaPreCompileDebugUnitTest UP-TO-DATE
> Task :feature:filters:transformReleaseUnitTestClassesWithAsm UP-TO-DATE
> Task :feature:capture:lintAnalyzeDebugUnitTest UP-TO-DATE
> Task :feature:onboarding:transformDebugUnitTestClassesWithAsm UP-TO-DATE
> Task :feature:ar:testDebugUnitTest NO-SOURCE
> Task :feature:parental:javaPreCompileReleaseUnitTest UP-TO-DATE
> Task :feature:filters:testReleaseUnitTest NO-SOURCE
> Task :feature:parental:verifyReleaseResources UP-TO-DATE
> Task :feature:ar:transformReleaseUnitTestClassesWithAsm UP-TO-DATE
> Task :feature:filters:test UP-TO-DATE
> Task :feature:parental:assembleRelease UP-TO-DATE
> Task :feature:parental:lintReportDebug UP-TO-DATE
> Task :feature:filters:check
> Task :feature:parental:assemble UP-TO-DATE
> Task :feature:filters:build
> Task :feature:onboarding:testDebugUnitTest NO-SOURCE
> Task :feature:ar:testReleaseUnitTest NO-SOURCE
> Task :feature:pet:bundleDebugAar UP-TO-DATE
> Task :feature:pet:bundleReleaseAar UP-TO-DATE
> Task :feature:pet:assembleDebug UP-TO-DATE
> Task :feature:parental:lintDebug
> Task :feature:ar:test UP-TO-DATE
> Task :feature:ar:check
> Task :feature:parental:lint
> Task :feature:ar:build
> Task :feature:parental:generateDebugUnitTestStubRFile UP-TO-DATE
> Task :feature:pet:preReleaseUnitTestBuild UP-TO-DATE
> Task :feature:parental:generateReleaseUnitTestStubRFile UP-TO-DATE
> Task :feature:onboarding:transformReleaseUnitTestClassesWithAsm UP-TO-DATE
> Task :feature:pet:javaPreCompileDebugUnitTest UP-TO-DATE
> Task :feature:capture:generateDebugUnitTestLintModel UP-TO-DATE
> Task :feature:pet:javaPreCompileReleaseUnitTest UP-TO-DATE
> Task :feature:parental:kspDebugUnitTestKotlin NO-SOURCE
> Task :feature:vault:bundleReleaseAar UP-TO-DATE
> Task :feature:vault:bundleDebugAar UP-TO-DATE
> Task :feature:vault:assembleDebug UP-TO-DATE
> Task :feature:pet:mapReleaseSourceSetPaths UP-TO-DATE
> Task :feature:pet:mergeReleaseResources UP-TO-DATE
> Task :feature:parental:kspReleaseUnitTestKotlin NO-SOURCE
> Task :feature:onboarding:testReleaseUnitTest NO-SOURCE
> Task :feature:parental:compileDebugUnitTestKotlin NO-SOURCE
> Task :feature:onboarding:test UP-TO-DATE
> Task :feature:onboarding:check
> Task :feature:onboarding:build
> Task :feature:parental:compileReleaseUnitTestKotlin NO-SOURCE
> Task :feature:parental:compileDebugUnitTestJavaWithJavac NO-SOURCE
> Task :feature:capture:lintReportDebug UP-TO-DATE
> Task :feature:vault:javaPreCompileDebugUnitTest UP-TO-DATE
> Task :feature:pet:generateReleaseUnitTestStubRFile UP-TO-DATE
> Task :feature:vault:preReleaseUnitTestBuild UP-TO-DATE
> Task :app:kspDebugKotlin UP-TO-DATE
> Task :feature:capture:lintDebug
> Task :feature:capture:lint
> Task :feature:pet:generateDebugUnitTestStubRFile UP-TO-DATE
> Task :feature:vault:mapReleaseSourceSetPaths UP-TO-DATE
> Task :feature:parental:compileReleaseUnitTestJavaWithJavac NO-SOURCE
> Task :feature:pet:kspReleaseUnitTestKotlin NO-SOURCE
> Task :feature:vault:mergeReleaseResources UP-TO-DATE
> Task :feature:vault:javaPreCompileReleaseUnitTest UP-TO-DATE
> Task :feature:pet:generateDebugLintReportModel UP-TO-DATE
> Task :feature:pet:compileReleaseUnitTestKotlin NO-SOURCE
> Task :feature:pet:kspDebugUnitTestKotlin NO-SOURCE
> Task :feature:pet:compileReleaseUnitTestJavaWithJavac NO-SOURCE
> Task :feature:pet:compileDebugUnitTestKotlin NO-SOURCE
> Task :feature:vault:generateDebugUnitTestStubRFile UP-TO-DATE
> Task :feature:vault:generateReleaseUnitTestStubRFile UP-TO-DATE
> Task :feature:pet:compileDebugUnitTestJavaWithJavac NO-SOURCE
> Task :feature:pet:lintReportDebug UP-TO-DATE
> Task :feature:vault:generateDebugLintReportModel UP-TO-DATE
> Task :feature:vault:kspDebugUnitTestKotlin NO-SOURCE
> Task :feature:vault:kspReleaseUnitTestKotlin NO-SOURCE
> Task :feature:capture:hiltAggregateDepsReleaseUnitTest UP-TO-DATE
> Task :feature:capture:hiltAggregateDepsDebugUnitTest UP-TO-DATE
> Task :feature:vault:compileDebugUnitTestKotlin NO-SOURCE
> Task :feature:pet:lintDebug
> Task :feature:vault:compileReleaseUnitTestKotlin NO-SOURCE
> Task :feature:pet:lint
> Task :feature:capture:hiltJavaCompileDebugUnitTest NO-SOURCE
> Task :feature:capture:hiltJavaCompileReleaseUnitTest NO-SOURCE
> Task :feature:vault:compileDebugUnitTestJavaWithJavac NO-SOURCE
> Task :feature:vault:compileReleaseUnitTestJavaWithJavac NO-SOURCE
> Task :feature:capture:processDebugUnitTestJavaRes NO-SOURCE
> Task :feature:capture:processReleaseUnitTestJavaRes NO-SOURCE
> Task :feature:pet:verifyReleaseResources UP-TO-DATE
> Task :feature:pet:assembleRelease UP-TO-DATE
> Task :feature:pet:assemble UP-TO-DATE
> Task :feature:vault:lintReportDebug UP-TO-DATE
> Task :feature:vault:verifyReleaseResources UP-TO-DATE
> Task :feature:vault:assembleRelease UP-TO-DATE
> Task :feature:vault:assemble UP-TO-DATE
> Task :feature:vault:lintDebug
> Task :feature:vault:lint
> Task :app:compileDebugKotlin UP-TO-DATE
> Task :feature:capture:transformDebugUnitTestClassesWithAsm UP-TO-DATE
> Task :feature:capture:transformReleaseUnitTestClassesWithAsm UP-TO-DATE
> Task :app:kspReleaseKotlin UP-TO-DATE
> Task :feature:capture:testDebugUnitTest NO-SOURCE
> Task :feature:capture:testReleaseUnitTest NO-SOURCE
> Task :feature:capture:test UP-TO-DATE
> Task :feature:capture:check
> Task :feature:capture:build
> Task :app:compileDebugJavaWithJavac UP-TO-DATE
> Task :app:compileReleaseKotlin UP-TO-DATE
> Task :feature:parental:hiltAggregateDepsReleaseUnitTest UP-TO-DATE
> Task :feature:parental:hiltAggregateDepsDebugUnitTest UP-TO-DATE
> Task :feature:parental:hiltJavaCompileReleaseUnitTest NO-SOURCE
> Task :feature:parental:hiltJavaCompileDebugUnitTest NO-SOURCE
> Task :feature:vault:hiltAggregateDepsReleaseUnitTest UP-TO-DATE
> Task :feature:vault:hiltAggregateDepsDebugUnitTest UP-TO-DATE
> Task :feature:parental:processReleaseUnitTestJavaRes NO-SOURCE
> Task :feature:parental:processDebugUnitTestJavaRes NO-SOURCE
> Task :feature:vault:hiltJavaCompileReleaseUnitTest NO-SOURCE
> Task :feature:vault:hiltJavaCompileDebugUnitTest NO-SOURCE
> Task :feature:vault:processReleaseUnitTestJavaRes NO-SOURCE
> Task :feature:vault:processDebugUnitTestJavaRes NO-SOURCE
> Task :app:compileReleaseJavaWithJavac UP-TO-DATE
> Task :feature:pet:hiltAggregateDepsReleaseUnitTest UP-TO-DATE
> Task :feature:pet:hiltAggregateDepsDebugUnitTest UP-TO-DATE
> Task :feature:parental:transformDebugUnitTestClassesWithAsm UP-TO-DATE
> Task :feature:pet:hiltJavaCompileDebugUnitTest NO-SOURCE
> Task :feature:parental:transformReleaseUnitTestClassesWithAsm UP-TO-DATE
> Task :feature:pet:hiltJavaCompileReleaseUnitTest NO-SOURCE
> Task :feature:pet:processDebugUnitTestJavaRes NO-SOURCE
> Task :feature:pet:processReleaseUnitTestJavaRes NO-SOURCE
> Task :feature:parental:testDebugUnitTest NO-SOURCE
> Task :feature:vault:transformDebugUnitTestClassesWithAsm UP-TO-DATE
> Task :feature:parental:testReleaseUnitTest NO-SOURCE
> Task :feature:parental:test UP-TO-DATE
> Task :feature:vault:transformReleaseUnitTestClassesWithAsm UP-TO-DATE
> Task :feature:parental:check
> Task :feature:parental:build
> Task :feature:vault:testDebugUnitTest NO-SOURCE
> Task :feature:vault:testReleaseUnitTest NO-SOURCE
> Task :feature:vault:test UP-TO-DATE
> Task :feature:vault:check
> Task :feature:vault:build
> Task :app:hiltAggregateDepsDebug UP-TO-DATE
> Task :feature:pet:transformDebugUnitTestClassesWithAsm UP-TO-DATE
> Task :feature:pet:transformReleaseUnitTestClassesWithAsm UP-TO-DATE
> Task :feature:pet:testDebugUnitTest NO-SOURCE
> Task :feature:pet:testReleaseUnitTest NO-SOURCE
> Task :feature:pet:test UP-TO-DATE
> Task :feature:pet:check
> Task :feature:pet:build
> Task :app:hiltAggregateDepsRelease UP-TO-DATE
> Task :app:hiltJavaCompileDebug UP-TO-DATE
> Task :app:hiltJavaCompileRelease UP-TO-DATE
> Task :app:bundleDebugClassesToCompileJar UP-TO-DATE
> Task :app:bundleReleaseClassesToCompileJar UP-TO-DATE
> Task :app:processDebugJavaRes UP-TO-DATE
> Task :app:processReleaseJavaRes UP-TO-DATE
> Task :app:kspDebugUnitTestKotlin NO-SOURCE
> Task :app:kspReleaseUnitTestKotlin NO-SOURCE
> Task :app:compileDebugUnitTestKotlin NO-SOURCE
> Task :app:compileReleaseUnitTestKotlin NO-SOURCE
> Task :app:compileDebugUnitTestJavaWithJavac NO-SOURCE
> Task :app:compileReleaseUnitTestJavaWithJavac NO-SOURCE
> Task :app:generateDebugAndroidTestLintModel UP-TO-DATE
> Task :app:transformDebugClassesWithAsm UP-TO-DATE
> Task :app:lintAnalyzeDebugAndroidTest UP-TO-DATE
> Task :app:transformReleaseClassesWithAsm UP-TO-DATE
> Task :app:mergeReleaseJavaResource UP-TO-DATE
> Task :app:mergeDebugJavaResource UP-TO-DATE
> Task :app:bundleDebugClassesToRuntimeJar UP-TO-DATE
> Task :app:dexBuilderDebug UP-TO-DATE
> Task :app:mergeReleaseGeneratedProguardFiles UP-TO-DATE
> Task :app:bundleReleaseClassesToRuntimeJar UP-TO-DATE
> Task :app:expandReleaseArtProfileWildcards UP-TO-DATE
> Task :app:mergeProjectDexDebug UP-TO-DATE
> Task :app:generateDebugUnitTestLintModel UP-TO-DATE
> Task :app:lintAnalyzeDebugUnitTest UP-TO-DATE
> Task :app:hiltAggregateDepsDebugUnitTest UP-TO-DATE
> Task :app:lintAnalyzeDebug UP-TO-DATE
> Task :app:generateDebugLintReportModel UP-TO-DATE
> Task :app:generateReleaseLintVitalReportModel UP-TO-DATE
> Task :app:hiltAggregateDepsReleaseUnitTest UP-TO-DATE
> Task :app:hiltJavaCompileDebugUnitTest NO-SOURCE
> Task :app:hiltJavaCompileReleaseUnitTest NO-SOURCE
> Task :app:minifyReleaseWithR8 UP-TO-DATE
> Task :app:mergeDebugGlobalSynthetics UP-TO-DATE
> Task :app:lintVitalAnalyzeRelease UP-TO-DATE
> Task :app:processReleaseUnitTestJavaRes NO-SOURCE
> Task :app:processDebugUnitTestJavaRes NO-SOURCE
> Task :app:lintVitalReportRelease SKIPPED
> Task :app:lintVitalRelease SKIPPED
> Task :app:l8DexDesugarLibRelease UP-TO-DATE
> Task :app:compileReleaseArtProfile UP-TO-DATE
> Task :app:lintReportDebug UP-TO-DATE
> Task :app:transformReleaseUnitTestClassesWithAsm UP-TO-DATE
> Task :app:packageDebug UP-TO-DATE
> Task :app:assembleDebug UP-TO-DATE
> Task :app:transformDebugUnitTestClassesWithAsm UP-TO-DATE
> Task :app:lintDebug
> Task :app:lint
> Task :app:createDebugApkListingFileRedirect UP-TO-DATE
> Task :app:testReleaseUnitTest NO-SOURCE
> Task :app:testDebugUnitTest NO-SOURCE
> Task :app:test UP-TO-DATE
> Task :app:check
> Task :app:packageRelease UP-TO-DATE
> Task :app:assembleRelease UP-TO-DATE
> Task :app:assemble UP-TO-DATE
> Task :app:build
> Task :app:createReleaseApkListingFileRedirect UP-TO-DATE

BUILD SUCCESSFUL in 1s
1374 actionable tasks: 15 executed, 1359 up-to-date
Configuration cache entry reused.
